MPLINK 4.33, Linker
Linker Map File - Created Sun Jun 19 19:51:15 2011

                                 Section Info
                  Section       Type    Address   Location Size(Bytes)
                ---------  ---------  ---------  ---------  ---------
               _entry_scn       code   0x000000    program   0x000006
           .code___init.o       code   0x000006    program   0x000002
               highVector       code   0x000008    program   0x000006
         .code_i2c1nack.o       code   0x00000e    program   0x000006
         .code_i2c1strt.o       code   0x000014    program   0x000004
                lowVector       code   0x000018    program   0x000006
                   .cinit    romdata   0x00001e    program   0x00004a
          .code_Helpers.o       code   0x000068    program   0x0009a4
         .code_ETH97J60.o       code   0x000a0c    program   0x00092c
              .code_ARP.o       code   0x001338    program   0x000446
         .code_MainDemo.o       code   0x00177e    program   0x0002e6
               .code_IP.o       code   0x001a64    program   0x00029e
          .code_pcf8535.o       code   0x001d02    program   0x000270
         .code_i2c1eerr.o       code   0x001f72    program   0x000100
         .code_i2c1eesr.o       code   0x002072    program   0x0000e0
             .code_Tick.o       code   0x002152    program   0x0000da
         .code_i2c1eepw.o       code   0x00222c    program   0x0000a4
         .code_i2c1eebw.o       code   0x0022d0    program   0x0000a0
               _cinit_scn       code   0x002370    program   0x00009e
         .code_i2c1eecr.o       code   0x00240e    program   0x000090
         .code_StackTsk.o       code   0x00249e    program   0x00008e
         .code_i2c1eeap.o       code   0x00252c    program   0x000084
                   STRING       code   0x0025b0    program   0x000080
         .code_i2c1writ.o       code   0x002630    program   0x000072
         .code_i2c1puts.o       code   0x0026a2    program   0x000062
         .code_i2c1gets.o       code   0x002704    program   0x000058
         .code_fxd3232u.o       code   0x00275c    program   0x000048
                     PROG       code   0x0027a4    program   0x00003c
         .code_fxd1616u.o       code   0x0027e0    program   0x00002c
           .romdata_TCP.o    romdata   0x00280c    program   0x000024
              D1KTCYXCODE       code   0x002830    program   0x000020
             _startup_scn       code   0x002850    program   0x00001c
         .code_i2c1read.o       code   0x00286c    program   0x00001c
         .code_i2c1open.o       code   0x002888    program   0x00001a
         .code_i2c1idle.o       code   0x0028a2    program   0x000018
         .code_i2c1dtrd.o       code   0x0028ba    program   0x000010
                    .code       code   0x0028ca    program   0x00000e
          .code_i2c1ack.o       code   0x0028d8    program   0x000006
         .code_i2c1stop.o       code   0x0028de    program   0x000004
         .code_i2c1rstr.o       code   0x0028e2    program   0x000004
         .code_i2c1clos.o       code   0x0028e6    program   0x000004
      .romdata_i2c_eepw.o    romdata   0x0028ea    program   0x000000
.romdata_TCPPerformanceTest.o    romdata   0x0028ea    program   0x000000
      .romdata_i2c_eecr.o    romdata   0x0028ea    program   0x000000
.romdata_BerkeleyTCPClientDemo.o    romdata   0x0028ea    program   0x000000
      .romdata_i2c_eebw.o    romdata   0x0028ea    program   0x000000
      .romdata_i2c_rstr.o    romdata   0x0028ea    program   0x000000
.romdata_BerkeleyTCPServerDemo.o    romdata   0x0028ea    program   0x000000
      .romdata_MainDemo.o    romdata   0x0028ea    program   0x000000
      .romdata_i2c_stop.o    romdata   0x0028ea    program   0x000000
      .romdata_i2c_puts.o    romdata   0x0028ea    program   0x000000
          .romdata_Tick.o    romdata   0x0028ea    program   0x000000
         .romdata_TFTPc.o    romdata   0x0028ea    program   0x000000
.romdata_UART2TCPBridge.o    romdata   0x0028ea    program   0x000000
      .romdata_i2c_read.o    romdata   0x0028ea    program   0x000000
      .romdata_i2c_open.o    romdata   0x0028ea    program   0x000000
          .romdata_UART.o    romdata   0x0028ea    program   0x000000
      .romdata_i2c_nack.o    romdata   0x0028ea    program   0x000000
           .romdata_UDP.o    romdata   0x0028ea    program   0x000000
      .romdata_i2c_idle.o    romdata   0x0028ea    program   0x000000
        .romdata_Telnet.o    romdata   0x0028ea    program   0x000000
.romdata_UDPPerformanceTest.o    romdata   0x0028ea    program   0x000000
      .romdata_i2c_gets.o    romdata   0x0028ea    program   0x000000
 .romdata_CustomHTTPApp.o    romdata   0x0028ea    program   0x000000
      .romdata_i2c_eesr.o    romdata   0x0028ea    program   0x000000
 .romdata_CustomSNMPApp.o    romdata   0x0028ea    program   0x000000
      .romdata_i2c_eerr.o    romdata   0x0028ea    program   0x000000
       .idata_pcf8535.o_i    romdata   0x0028ea    program   0x000034
       .romdata_pcf8535.o    romdata   0x0028ea    program   0x000000
      .romdata_i2c1rstr.o    romdata   0x0028ea    program   0x000000
      .romdata_i2c2open.o    romdata   0x0028ea    program   0x000000
      .romdata_i2c1stop.o    romdata   0x0028ea    program   0x000000
      .romdata_i2c1strt.o    romdata   0x0028ea    program   0x000000
      .romdata_i2c2nack.o    romdata   0x0028ea    program   0x000000
      .romdata_i2c1writ.o    romdata   0x0028ea    program   0x000000
       .romdata_i2c2ack.o    romdata   0x0028ea    program   0x000000
      .romdata_i2c2idle.o    romdata   0x0028ea    program   0x000000
      .romdata_i2c2clos.o    romdata   0x0028ea    program   0x000000
      .romdata_i2c2gets.o    romdata   0x0028ea    program   0x000000
      .romdata_i2c2dtrd.o    romdata   0x0028ea    program   0x000000
      .romdata_i2c2eesr.o    romdata   0x0028ea    program   0x000000
      .romdata_i2c2eeap.o    romdata   0x0028ea    program   0x000000
      .romdata_i2c2eerr.o    romdata   0x0028ea    program   0x000000
      .romdata_i2c2eebw.o    romdata   0x0028ea    program   0x000000
      .romdata_i2c2eepw.o    romdata   0x0028ea    program   0x000000
      .romdata_i2c2eecr.o    romdata   0x0028ea    program   0x000000
      .romdata_i2c_eeap.o    romdata   0x0028ea    program   0x000000
.romdata_BerkeleyUDPClientDemo.o    romdata   0x0028ea    program   0x000000
      .romdata_i2c_dtrd.o    romdata   0x0028ea    program   0x000000
.romdata_GenericTCPClient.o    romdata   0x0028ea    program   0x000000
      .romdata_i2c_clos.o    romdata   0x0028ea    program   0x000000
.romdata_GenericTCPServer.o    romdata   0x0028ea    program   0x000000
       .romdata_i2c_ack.o    romdata   0x0028ea    program   0x000000
 .romdata_LegacyHTTPApp.o    romdata   0x0028ea    program   0x000000
      .romdata_i2c2writ.o    romdata   0x0028ea    program   0x000000
      .romdata_PingDemo.o    romdata   0x0028ea    program   0x000000
      .romdata_i2c2strt.o    romdata   0x0028ea    program   0x000000
      .romdata_SMTPDemo.o    romdata   0x0028ea    program   0x000000
      .romdata_i2c2stop.o    romdata   0x0028ea    program   0x000000
    .romdata_UARTConfig.o    romdata   0x0028ea    program   0x000000
      .romdata_i2c2rstr.o    romdata   0x0028ea    program   0x000000
      .romdata_MPFSImg2.o    romdata   0x0028ea    program   0x000000
      .romdata_i2c2read.o    romdata   0x0028ea    program   0x000000
       .romdata_MPFSImg.o    romdata   0x0028ea    program   0x000000
      .romdata_i2c2puts.o    romdata   0x0028ea    program   0x000000
    .romdata_ENCX24J600.o    romdata   0x0028ea    program   0x000000
      .romdata_i2c1nack.o    romdata   0x0028ea    program   0x000000
      .romdata_ETH97J60.o    romdata   0x0028ea    program   0x000000
           .romdata_FTP.o    romdata   0x0028ea    program   0x000000
      .romdata_i2c1idle.o    romdata   0x0028ea    program   0x000000
        .romdata_Hashes.o    romdata   0x0028ea    program   0x000000
      .romdata_i2c1gets.o    romdata   0x0028ea    program   0x000000
       .romdata_Helpers.o    romdata   0x0028ea    program   0x000000
         .romdata_HTTP2.o    romdata   0x0028ea    program   0x000000
      .romdata_i2c1eesr.o    romdata   0x0028ea    program   0x000000
          .romdata_HTTP.o    romdata   0x0028ea    program   0x000000
          .romdata_ICMP.o    romdata   0x0028ea    program   0x000000
      .romdata_i2c1eerr.o    romdata   0x0028ea    program   0x000000
            .romdata_IP.o    romdata   0x0028ea    program   0x000000
   .romdata_LCDBlocking.o    romdata   0x0028ea    program   0x000000
      .romdata_i2c1eepw.o    romdata   0x0028ea    program   0x000000
         .romdata_MPFS2.o    romdata   0x0028ea    program   0x000000
         .romdata_c018i.o    romdata   0x0028ea    program   0x000000
      .romdata_Announce.o    romdata   0x0028ea    program   0x000000
        .romdata___init.o    romdata   0x0028ea    program   0x000000
           .romdata_ARP.o    romdata   0x0028ea    program   0x000000
        .romdata_AutoIP.o    romdata   0x0028ea    program   0x000000
      .romdata_fxd3232u.o    romdata   0x0028ea    program   0x000000
   .romdata_BerkeleyAPI.o    romdata   0x0028ea    program   0x000000
         .romdata_Delay.o    romdata   0x0028ea    program   0x000000
      .romdata_fxd1616u.o    romdata   0x0028ea    program   0x000000
          .romdata_DHCP.o    romdata   0x0028ea    program   0x000000
         .romdata_DHCPs.o    romdata   0x0028ea    program   0x000000
      .romdata_i2c1read.o    romdata   0x0028ea    program   0x000000
           .romdata_DNS.o    romdata   0x0028ea    program   0x000000
          .romdata_DNSs.o    romdata   0x0028ea    program   0x000000
      .romdata_i2c1puts.o    romdata   0x0028ea    program   0x000000
        .romdata_DynDNS.o    romdata   0x0028ea    program   0x000000
      .romdata_i2c1open.o    romdata   0x0028ea    program   0x000000
      .romdata_ENC28J60.o    romdata   0x0028ea    program   0x000000
      .romdata_i2c1clos.o    romdata   0x0028ea    program   0x000000
          .romdata_SNTP.o    romdata   0x0028ea    program   0x000000
     .romdata_SPIEEPROM.o    romdata   0x0028ea    program   0x000000
      .romdata_i2c1dtrd.o    romdata   0x0028ea    program   0x000000
          .romdata_SNMP.o    romdata   0x0028ea    program   0x000000
      .romdata_SPIFlash.o    romdata   0x0028ea    program   0x000000
       .romdata_i2c1ack.o    romdata   0x0028ea    program   0x000000
          .romdata_SMTP.o    romdata   0x0028ea    program   0x000000
        .romdata_SPIRAM.o    romdata   0x0028ea    program   0x000000
      .romdata_i2c1eeap.o    romdata   0x0028ea    program   0x000000
        .romdata_Reboot.o    romdata   0x0028ea    program   0x000000
      .romdata_i2c_writ.o    romdata   0x0028ea    program   0x000000
      .romdata_i2c1eecr.o    romdata   0x0028ea    program   0x000000
      .romdata_StackTsk.o    romdata   0x0028ea    program   0x000000
          .romdata_MPFS.o    romdata   0x0028ea    program   0x000000
      .romdata_i2c1eebw.o    romdata   0x0028ea    program   0x000000
          .romdata_NBNS.o    romdata   0x0028ea    program   0x000000
      .romdata_i2c_strt.o    romdata   0x0028ea    program   0x000000
      .idata_i2c_strt.o_i    romdata   0x00291e    program   0x000000
      .idata_i2c_open.o_i    romdata   0x00291e    program   0x000000
      .idata_i2c1puts.o_i    romdata   0x00291e    program   0x000000
      .idata_i2c1clos.o_i    romdata   0x00291e    program   0x000000
      .idata_i2c1read.o_i    romdata   0x00291e    program   0x000000
      .idata_i2c2eepw.o_i    romdata   0x00291e    program   0x000000
      .idata_i2c2open.o_i    romdata   0x00291e    program   0x000000
      .idata_i2c_puts.o_i    romdata   0x00291e    program   0x000000
      .idata_i2c_stop.o_i    romdata   0x00291e    program   0x000000
      .idata_i2c2eerr.o_i    romdata   0x00291e    program   0x000000
       .idata_i2c1ack.o_i    romdata   0x00291e    program   0x000000
      .idata_fxd1616u.o_i    romdata   0x00291e    program   0x000000
      .idata_i2c2nack.o_i    romdata   0x00291e    program   0x000000
      .idata_i2c_read.o_i    romdata   0x00291e    program   0x000000
        .idata___init.o_i    romdata   0x00291e    program   0x000000
      .idata_i2c2idle.o_i    romdata   0x00291e    program   0x000000
      .idata_fxd3232u.o_i    romdata   0x00291e    program   0x000000
      .idata_i2c2eesr.o_i    romdata   0x00291e    program   0x000000
      .idata_i2c2gets.o_i    romdata   0x00291e    program   0x000000
      .idata_i2c_rstr.o_i    romdata   0x00291e    program   0x000000
      .idata_i2c_writ.o_i    romdata   0x00291e    program   0x000000
      .idata_i2c_eepw.o_i    romdata   0x00291e    program   0x000000
      .idata_i2c_eecr.o_i    romdata   0x00291e    program   0x000000
      .idata_i2c1eepw.o_i    romdata   0x00291e    program   0x000000
      .idata_i2c1eecr.o_i    romdata   0x00291e    program   0x000000
      .idata_i2c_eebw.o_i    romdata   0x00291e    program   0x000000
      .idata_i2c_eeap.o_i    romdata   0x00291e    program   0x000000
      .idata_i2c1eerr.o_i    romdata   0x00291e    program   0x000000
      .idata_i2c_eerr.o_i    romdata   0x00291e    program   0x000000
      .idata_i2c_dtrd.o_i    romdata   0x00291e    program   0x000000
      .idata_i2c1eebw.o_i    romdata   0x00291e    program   0x000000
      .idata_i2c1eesr.o_i    romdata   0x00291e    program   0x000000
      .idata_i2c_clos.o_i    romdata   0x00291e    program   0x000000
      .idata_i2c_eesr.o_i    romdata   0x00291e    program   0x000000
       .idata_i2c_ack.o_i    romdata   0x00291e    program   0x000000
      .idata_i2c1gets.o_i    romdata   0x00291e    program   0x000000
      .idata_i2c2writ.o_i    romdata   0x00291e    program   0x000000
      .idata_i2c_gets.o_i    romdata   0x00291e    program   0x000000
      .idata_i2c2strt.o_i    romdata   0x00291e    program   0x000000
      .idata_i2c1eeap.o_i    romdata   0x00291e    program   0x000000
      .idata_i2c1idle.o_i    romdata   0x00291e    program   0x000000
      .idata_i2c2stop.o_i    romdata   0x00291e    program   0x000000
      .idata_i2c_idle.o_i    romdata   0x00291e    program   0x000000
      .idata_i2c2rstr.o_i    romdata   0x00291e    program   0x000000
      .idata_i2c1nack.o_i    romdata   0x00291e    program   0x000000
      .idata_i2c2read.o_i    romdata   0x00291e    program   0x000000
      .idata_i2c1dtrd.o_i    romdata   0x00291e    program   0x000000
      .idata_i2c_nack.o_i    romdata   0x00291e    program   0x000000
      .idata_i2c1open.o_i    romdata   0x00291e    program   0x000000
      .idata_i2c2puts.o_i    romdata   0x00291e    program   0x000000
    .idata_UARTConfig.o_i    romdata   0x00291e    program   0x000000
.idata_UDPPerformanceTest.o_i    romdata   0x00291e    program   0x000000
           .idata_UDP.o_i    romdata   0x00291e    program   0x000000
          .idata_UART.o_i    romdata   0x00291e    program   0x000000
      .idata_i2c1rstr.o_i    romdata   0x00291e    program   0x000000
      .idata_i2c1stop.o_i    romdata   0x00291e    program   0x000000
      .idata_i2c1strt.o_i    romdata   0x00291e    program   0x000000
.idata_UART2TCPBridge.o_i    romdata   0x00291e    program   0x000000
      .idata_i2c1writ.o_i    romdata   0x00291e    program   0x000000
       .idata_i2c2ack.o_i    romdata   0x00291e    program   0x000000
          .idata_Tick.o_i    romdata   0x00291e    program   0x000004
      .idata_i2c2clos.o_i    romdata   0x00291e    program   0x000000
         .idata_c018i.o_i    romdata   0x00291e    program   0x000000
      .idata_i2c2dtrd.o_i    romdata   0x00291e    program   0x000000
      .idata_i2c2eeap.o_i    romdata   0x00291e    program   0x000000
      .idata_i2c2eecr.o_i    romdata   0x00291e    program   0x000000
      .idata_i2c2eebw.o_i    romdata   0x00291e    program   0x000000
      .idata_SMTPDemo.o_i    romdata   0x002922    program   0x000000
      .idata_PingDemo.o_i    romdata   0x002922    program   0x000000
      .idata_MainDemo.o_i    romdata   0x002922    program   0x000023
          .idata_NBNS.o_i    romdata   0x002922    program   0x000000
        .idata_Reboot.o_i    romdata   0x002922    program   0x000000
      .idata_StackTsk.o_i    romdata   0x002922    program   0x000000
          .idata_SMTP.o_i    romdata   0x002922    program   0x000000
           .idata_TCP.o_i    romdata   0x002922    program   0x000000
          .idata_SNMP.o_i    romdata   0x002922    program   0x000000
        .idata_SPIRAM.o_i    romdata   0x002922    program   0x000000
.idata_TCPPerformanceTest.o_i    romdata   0x002922    program   0x000000
      .idata_SPIFlash.o_i    romdata   0x002922    program   0x000000
        .idata_Telnet.o_i    romdata   0x002922    program   0x000000
          .idata_SNTP.o_i    romdata   0x002922    program   0x000000
     .idata_SPIEEPROM.o_i    romdata   0x002922    program   0x000000
         .idata_TFTPc.o_i    romdata   0x002922    program   0x000000
       .idata_MPFSImg.o_i    romdata   0x002945    program   0x000000
      .idata_MPFSImg2.o_i    romdata   0x002945    program   0x000000
 .idata_LegacyHTTPApp.o_i    romdata   0x002945    program   0x000000
          .idata_MPFS.o_i    romdata   0x002945    program   0x000000
            .idata_IP.o_i    romdata   0x002945    program   0x000002
   .idata_LCDBlocking.o_i    romdata   0x002945    program   0x000000
         .idata_MPFS2.o_i    romdata   0x002945    program   0x000000
          .idata_ICMP.o_i    romdata   0x002947    program   0x000000
       .idata_Helpers.o_i    romdata   0x002947    program   0x000004
          .idata_HTTP.o_i    romdata   0x00294b    program   0x000000
        .idata_AutoIP.o_i    romdata   0x00294b    program   0x000000
.idata_BerkeleyTCPClientDemo.o_i    romdata   0x00294b    program   0x000000
          .idata_DNSs.o_i    romdata   0x00294b    program   0x000000
   .idata_BerkeleyAPI.o_i    romdata   0x00294b    program   0x000000
 .idata_CustomSNMPApp.o_i    romdata   0x00294b    program   0x000000
 .idata_CustomHTTPApp.o_i    romdata   0x00294b    program   0x000000
         .idata_Delay.o_i    romdata   0x00294b    program   0x000000
           .idata_DNS.o_i    romdata   0x00294b    program   0x000000
          .idata_DHCP.o_i    romdata   0x00294b    program   0x000000
         .idata_DHCPs.o_i    romdata   0x00294b    program   0x000000
        .idata_DynDNS.o_i    romdata   0x00294b    program   0x000000
      .idata_ENC28J60.o_i    romdata   0x00294b    program   0x000000
      .idata_Announce.o_i    romdata   0x00294b    program   0x000000
    .idata_ENCX24J600.o_i    romdata   0x00294b    program   0x000000
      .idata_ETH97J60.o_i    romdata   0x00294b    program   0x000000
           .idata_FTP.o_i    romdata   0x00294b    program   0x000000
.idata_GenericTCPServer.o_i    romdata   0x00294b    program   0x000000
        .idata_Hashes.o_i    romdata   0x00294b    program   0x000000
.idata_GenericTCPClient.o_i    romdata   0x00294b    program   0x000000
           .idata_ARP.o_i    romdata   0x00294b    program   0x000001
.idata_BerkeleyUDPClientDemo.o_i    romdata   0x00294b    program   0x000000
         .idata_HTTP2.o_i    romdata   0x00294b    program   0x000000
.idata_BerkeleyTCPServerDemo.o_i    romdata   0x00294b    program   0x000000
        .code_SPIEEPROM.o       code   0x00294c    program   0x000000
         .code_Announce.o       code   0x00294c    program   0x000000
           .code_AutoIP.o       code   0x00294c    program   0x000000
      .code_BerkeleyAPI.o       code   0x00294c    program   0x000000
         .code_i2c_writ.o       code   0x00294c    program   0x000000
             .code_SNTP.o       code   0x00294c    program   0x000000
           .code_SPIRAM.o       code   0x00294c    program   0x000000
            .code_Delay.o       code   0x00294c    program   0x000000
         .code_SPIFlash.o       code   0x00294c    program   0x000000
             .code_SNMP.o       code   0x00294c    program   0x000000
            .code_c018i.o       code   0x00294c    program   0x000000
           .code_DynDNS.o       code   0x00294c    program   0x000000
         .code_ENC28J60.o       code   0x00294c    program   0x000000
             .code_DNSs.o       code   0x00294c    program   0x000000
       .code_ENCX24J600.o       code   0x00294c    program   0x000000
              .code_FTP.o       code   0x00294c    program   0x000000
           .code_Hashes.o       code   0x00294c    program   0x000000
            .code_HTTP2.o       code   0x00294c    program   0x000000
             .code_HTTP.o       code   0x00294c    program   0x000000
             .code_ICMP.o       code   0x00294c    program   0x000000
      .code_LCDBlocking.o       code   0x00294c    program   0x000000
            .code_MPFS2.o       code   0x00294c    program   0x000000
             .code_MPFS.o       code   0x00294c    program   0x000000
             .code_NBNS.o       code   0x00294c    program   0x000000
              .code_DNS.o       code   0x00294c    program   0x000000
           .code_Reboot.o       code   0x00294c    program   0x000000
            .code_DHCPs.o       code   0x00294c    program   0x000000
             .code_SMTP.o       code   0x00294c    program   0x000000
             .code_DHCP.o       code   0x00294c    program   0x000000
.code_BerkeleyUDPClientDemo.o       code   0x00294c    program   0x000000
         .code_i2c_clos.o       code   0x00294c    program   0x000000
 .code_GenericTCPClient.o       code   0x00294c    program   0x000000
          .code_i2c_ack.o       code   0x00294c    program   0x000000
 .code_GenericTCPServer.o       code   0x00294c    program   0x000000
         .code_i2c2writ.o       code   0x00294c    program   0x000000
    .code_LegacyHTTPApp.o       code   0x00294c    program   0x000000
         .code_i2c2strt.o       code   0x00294c    program   0x000000
         .code_PingDemo.o       code   0x00294c    program   0x000000
         .code_i2c2stop.o       code   0x00294c    program   0x000000
         .code_SMTPDemo.o       code   0x00294c    program   0x000000
         .code_i2c2rstr.o       code   0x00294c    program   0x000000
       .code_UARTConfig.o       code   0x00294c    program   0x000000
         .code_i2c2read.o       code   0x00294c    program   0x000000
         .code_MPFSImg2.o       code   0x00294c    program   0x000000
         .code_i2c2puts.o       code   0x00294c    program   0x000000
          .code_MPFSImg.o       code   0x00294c    program   0x000000
         .code_i2c2open.o       code   0x00294c    program   0x000000
         .code_i2c2nack.o       code   0x00294c    program   0x000000
         .code_i2c2idle.o       code   0x00294c    program   0x000000
          .code_i2c2ack.o       code   0x00294c    program   0x000000
         .code_i2c2gets.o       code   0x00294c    program   0x000000
         .code_i2c2clos.o       code   0x00294c    program   0x000000
         .code_i2c2eesr.o       code   0x00294c    program   0x000000
         .code_i2c2dtrd.o       code   0x00294c    program   0x000000
         .code_i2c2eerr.o       code   0x00294c    program   0x000000
         .code_i2c2eeap.o       code   0x00294c    program   0x000000
         .code_i2c2eepw.o       code   0x00294c    program   0x000000
         .code_i2c2eebw.o       code   0x00294c    program   0x000000
         .code_i2c2eecr.o       code   0x00294c    program   0x000000
         .code_i2c_strt.o       code   0x00294c    program   0x000000
              .code_TCP.o       code   0x00294c    program   0x000000
         .code_i2c_stop.o       code   0x00294c    program   0x000000
.code_TCPPerformanceTest.o       code   0x00294c    program   0x000000
         .code_i2c_rstr.o       code   0x00294c    program   0x000000
           .code_Telnet.o       code   0x00294c    program   0x000000
         .code_i2c_read.o       code   0x00294c    program   0x000000
            .code_TFTPc.o       code   0x00294c    program   0x000000
         .code_i2c_puts.o       code   0x00294c    program   0x000000
         .code_i2c_open.o       code   0x00294c    program   0x000000
   .code_UART2TCPBridge.o       code   0x00294c    program   0x000000
         .code_i2c_nack.o       code   0x00294c    program   0x000000
             .code_UART.o       code   0x00294c    program   0x000000
         .code_i2c_idle.o       code   0x00294c    program   0x000000
              .code_UDP.o       code   0x00294c    program   0x000000
         .code_i2c_gets.o       code   0x00294c    program   0x000000
.code_UDPPerformanceTest.o       code   0x00294c    program   0x000000
         .code_i2c_eesr.o       code   0x00294c    program   0x000000
    .code_CustomHTTPApp.o       code   0x00294c    program   0x000000
         .code_i2c_eerr.o       code   0x00294c    program   0x000000
    .code_CustomSNMPApp.o       code   0x00294c    program   0x000000
         .code_i2c_eepw.o       code   0x00294c    program   0x000000
         .code_i2c_eecr.o       code   0x00294c    program   0x000000
         .code_i2c_eebw.o       code   0x00294c    program   0x000000
.code_BerkeleyTCPClientDemo.o       code   0x00294c    program   0x000000
         .code_i2c_eeap.o       code   0x00294c    program   0x000000
.code_BerkeleyTCPServerDemo.o       code   0x00294c    program   0x000000
         .code_i2c_dtrd.o       code   0x00294c    program   0x000000
 .config_1fff8_MainDemo.o    romdata   0x01fff8    program   0x000001
 .config_1fffa_MainDemo.o    romdata   0x01fffa    program   0x000001
 .config_1fffd_MainDemo.o    romdata   0x01fffd    program   0x000001
                MATH_DATA      udata   0x000000       data   0x000014
                 .tmpdata      udata   0x000014       data   0x00000c
                DELAYDAT1      udata   0x000020       data   0x000001
         .idata_pcf8535.o      idata   0x000060       data   0x000034
        .idata_MainDemo.o      idata   0x000094       data   0x000023
        .udata_StackTsk.o      udata   0x0000b7       data   0x00000b
           .udata_c018i.o      udata   0x0000c2       data   0x00000a
            .udata_Tick.o      udata   0x0000cc       data   0x00000a
         .udata_pcf8535.o      udata   0x0000d6       data   0x000008
        .udata_i2c1eepw.o      udata   0x0000de       data   0x000004
            .idata_Tick.o      idata   0x0000e2       data   0x000004
         .idata_Helpers.o      idata   0x0000e6       data   0x000004
        .udata_i2c1gets.o      udata   0x0000ea       data   0x000003
        .udata_i2c1eebw.o      udata   0x0000ed       data   0x000003
        .udata_i2c1puts.o      udata   0x0000f0       data   0x000002
        .udata_i2c1open.o      udata   0x0000f2       data   0x000002
        .udata_i2c1eerr.o      udata   0x0000f4       data   0x000002
              .idata_IP.o      idata   0x0000f6       data   0x000002
        .udata_i2c1eeap.o      udata   0x0000f8       data   0x000001
             .idata_ARP.o      idata   0x0000f9       data   0x000001
        .udata_i2c2nack.o      udata   0x0000fa       data   0x000000
        .idata_i2c2idle.o      idata   0x0000fa       data   0x000000
        .idata_i2c2nack.o      idata   0x0000fa       data   0x000000
        .udata_i2c2idle.o      udata   0x0000fa       data   0x000000
        .idata_i2c2gets.o      idata   0x0000fa       data   0x000000
        .udata_i2c2gets.o      udata   0x0000fa       data   0x000000
        .idata_i2c2eesr.o      idata   0x0000fa       data   0x000000
        .udata_i2c2eesr.o      udata   0x0000fa       data   0x000000
        .idata_i2c2eerr.o      idata   0x0000fa       data   0x000000
        .udata_i2c2eerr.o      udata   0x0000fa       data   0x000000
        .idata_i2c2eepw.o      idata   0x0000fa       data   0x000000
        .udata_i2c2open.o      udata   0x0000fa       data   0x000000
        .idata_i2c2open.o      idata   0x0000fa       data   0x000000
        .udata_i2c2puts.o      udata   0x0000fa       data   0x000000
        .idata_i2c2puts.o      idata   0x0000fa       data   0x000000
        .udata_i2c2read.o      udata   0x0000fa       data   0x000000
        .idata_i2c2read.o      idata   0x0000fa       data   0x000000
        .udata_i2c2rstr.o      udata   0x0000fa       data   0x000000
         .idata_i2c_ack.o      idata   0x0000fa       data   0x000000
        .idata_i2c2rstr.o      idata   0x0000fa       data   0x000000
        .udata_i2c2stop.o      udata   0x0000fa       data   0x000000
        .idata_i2c2stop.o      idata   0x0000fa       data   0x000000
        .udata_i2c2strt.o      udata   0x0000fa       data   0x000000
         .udata_i2c_ack.o      udata   0x0000fa       data   0x000000
        .idata_i2c2strt.o      idata   0x0000fa       data   0x000000
        .udata_i2c2writ.o      udata   0x0000fa       data   0x000000
        .idata_i2c2writ.o      idata   0x0000fa       data   0x000000
        .udata_PingDemo.o      udata   0x0000fa       data   0x000000
        .idata_PingDemo.o      idata   0x0000fa       data   0x000000
        .udata_SMTPDemo.o      udata   0x0000fa       data   0x000000
        .idata_SMTPDemo.o      idata   0x0000fa       data   0x000000
      .udata_UARTConfig.o      udata   0x0000fa       data   0x000000
      .idata_UARTConfig.o      idata   0x0000fa       data   0x000000
        .udata_MPFSImg2.o      udata   0x0000fa       data   0x000000
        .idata_MPFSImg2.o      idata   0x0000fa       data   0x000000
         .udata_MPFSImg.o      udata   0x0000fa       data   0x000000
         .idata_MPFSImg.o      idata   0x0000fa       data   0x000000
        .udata_i2c1rstr.o      udata   0x0000fa       data   0x000000
        .idata_i2c1rstr.o      idata   0x0000fa       data   0x000000
        .udata_i2c1stop.o      udata   0x0000fa       data   0x000000
        .idata_i2c1stop.o      idata   0x0000fa       data   0x000000
        .udata_i2c1strt.o      udata   0x0000fa       data   0x000000
        .idata_i2c1strt.o      idata   0x0000fa       data   0x000000
        .idata_i2c1writ.o      idata   0x0000fa       data   0x000000
         .udata_i2c2ack.o      udata   0x0000fa       data   0x000000
         .idata_i2c2ack.o      idata   0x0000fa       data   0x000000
        .udata_i2c2clos.o      udata   0x0000fa       data   0x000000
        .idata_i2c2clos.o      idata   0x0000fa       data   0x000000
        .udata_i2c2dtrd.o      udata   0x0000fa       data   0x000000
        .idata_i2c2dtrd.o      idata   0x0000fa       data   0x000000
        .udata_i2c2eeap.o      udata   0x0000fa       data   0x000000
        .idata_i2c2eeap.o      idata   0x0000fa       data   0x000000
        .udata_i2c2eebw.o      udata   0x0000fa       data   0x000000
        .idata_i2c2eebw.o      idata   0x0000fa       data   0x000000
        .udata_i2c2eecr.o      udata   0x0000fa       data   0x000000
        .idata_i2c2eecr.o      idata   0x0000fa       data   0x000000
        .udata_i2c2eepw.o      udata   0x0000fa       data   0x000000
        .udata_i2c_strt.o      udata   0x0000fa       data   0x000000
        .idata_i2c_strt.o      idata   0x0000fa       data   0x000000
        .udata_i2c_writ.o      udata   0x0000fa       data   0x000000
        .idata_i2c_writ.o      idata   0x0000fa       data   0x000000
         .udata_i2c1ack.o      udata   0x0000fa       data   0x000000
         .idata_i2c1ack.o      idata   0x0000fa       data   0x000000
        .udata_i2c1clos.o      udata   0x0000fa       data   0x000000
        .idata_i2c1clos.o      idata   0x0000fa       data   0x000000
        .udata_i2c1dtrd.o      udata   0x0000fa       data   0x000000
        .idata_i2c1dtrd.o      idata   0x0000fa       data   0x000000
        .idata_i2c1eeap.o      idata   0x0000fa       data   0x000000
        .idata_i2c1eebw.o      idata   0x0000fa       data   0x000000
        .idata_i2c1eecr.o      idata   0x0000fa       data   0x000000
        .idata_i2c1eepw.o      idata   0x0000fa       data   0x000000
        .idata_i2c1eerr.o      idata   0x0000fa       data   0x000000
        .idata_i2c1eesr.o      idata   0x0000fa       data   0x000000
        .idata_i2c1gets.o      idata   0x0000fa       data   0x000000
        .udata_i2c1idle.o      udata   0x0000fa       data   0x000000
        .idata_i2c1idle.o      idata   0x0000fa       data   0x000000
        .udata_i2c1nack.o      udata   0x0000fa       data   0x000000
        .idata_i2c1nack.o      idata   0x0000fa       data   0x000000
        .idata_i2c1open.o      idata   0x0000fa       data   0x000000
        .idata_i2c1puts.o      idata   0x0000fa       data   0x000000
        .udata_i2c1read.o      udata   0x0000fa       data   0x000000
        .idata_i2c1read.o      idata   0x0000fa       data   0x000000
        .udata_fxd1616u.o      udata   0x0000fa       data   0x000000
        .idata_fxd1616u.o      idata   0x0000fa       data   0x000000
        .udata_fxd3232u.o      udata   0x0000fa       data   0x000000
        .idata_fxd3232u.o      idata   0x0000fa       data   0x000000
          .udata___init.o      udata   0x0000fa       data   0x000000
          .idata___init.o      idata   0x0000fa       data   0x000000
        .udata_i2c_clos.o      udata   0x0000fa       data   0x000000
        .idata_i2c_clos.o      idata   0x0000fa       data   0x000000
        .udata_i2c_dtrd.o      udata   0x0000fa       data   0x000000
        .idata_i2c_dtrd.o      idata   0x0000fa       data   0x000000
        .udata_i2c_eeap.o      udata   0x0000fa       data   0x000000
        .idata_i2c_eeap.o      idata   0x0000fa       data   0x000000
        .udata_i2c_eebw.o      udata   0x0000fa       data   0x000000
        .idata_i2c_eebw.o      idata   0x0000fa       data   0x000000
        .udata_i2c_eecr.o      udata   0x0000fa       data   0x000000
        .idata_i2c_eecr.o      idata   0x0000fa       data   0x000000
        .udata_i2c_eepw.o      udata   0x0000fa       data   0x000000
        .idata_i2c_eepw.o      idata   0x0000fa       data   0x000000
        .udata_i2c_eerr.o      udata   0x0000fa       data   0x000000
        .idata_i2c_eerr.o      idata   0x0000fa       data   0x000000
        .udata_i2c_eesr.o      udata   0x0000fa       data   0x000000
        .idata_i2c_eesr.o      idata   0x0000fa       data   0x000000
        .udata_i2c_gets.o      udata   0x0000fa       data   0x000000
        .idata_i2c_gets.o      idata   0x0000fa       data   0x000000
        .udata_i2c_idle.o      udata   0x0000fa       data   0x000000
        .idata_i2c_idle.o      idata   0x0000fa       data   0x000000
        .udata_i2c_nack.o      udata   0x0000fa       data   0x000000
        .idata_i2c_nack.o      idata   0x0000fa       data   0x000000
        .udata_i2c_open.o      udata   0x0000fa       data   0x000000
        .idata_i2c_open.o      idata   0x0000fa       data   0x000000
        .udata_i2c_puts.o      udata   0x0000fa       data   0x000000
        .idata_i2c_puts.o      idata   0x0000fa       data   0x000000
        .udata_i2c_read.o      udata   0x0000fa       data   0x000000
        .idata_i2c_read.o      idata   0x0000fa       data   0x000000
        .udata_i2c_rstr.o      udata   0x0000fa       data   0x000000
        .idata_i2c_rstr.o      idata   0x0000fa       data   0x000000
        .udata_i2c_stop.o      udata   0x0000fa       data   0x000000
        .idata_i2c_stop.o      idata   0x0000fa       data   0x000000
          .udata_AutoIP.o      udata   0x0000fa       data   0x000000
           .udata_HTTP2.o      udata   0x0000fa       data   0x000000
           .idata_HTTP2.o      idata   0x0000fa       data   0x000000
            .udata_HTTP.o      udata   0x0000fa       data   0x000000
            .idata_HTTP.o      idata   0x0000fa       data   0x000000
            .udata_ICMP.o      udata   0x0000fa       data   0x000000
            .idata_ICMP.o      idata   0x0000fa       data   0x000000
     .udata_LCDBlocking.o      udata   0x0000fa       data   0x000000
     .idata_LCDBlocking.o      idata   0x0000fa       data   0x000000
           .udata_MPFS2.o      udata   0x0000fa       data   0x000000
           .idata_MPFS2.o      idata   0x0000fa       data   0x000000
            .udata_MPFS.o      udata   0x0000fa       data   0x000000
            .idata_MPFS.o      idata   0x0000fa       data   0x000000
            .udata_NBNS.o      udata   0x0000fa       data   0x000000
            .idata_NBNS.o      idata   0x0000fa       data   0x000000
          .udata_Reboot.o      udata   0x0000fa       data   0x000000
          .idata_Reboot.o      idata   0x0000fa       data   0x000000
            .udata_SMTP.o      udata   0x0000fa       data   0x000000
            .idata_SMTP.o      idata   0x0000fa       data   0x000000
            .udata_SNMP.o      udata   0x0000fa       data   0x000000
            .idata_SNMP.o      idata   0x0000fa       data   0x000000
            .udata_SNTP.o      udata   0x0000fa       data   0x000000
            .idata_SNTP.o      idata   0x0000fa       data   0x000000
            .udata_DNSs.o      udata   0x0000fa       data   0x000000
            .idata_DNSs.o      idata   0x0000fa       data   0x000000
             .idata_DNS.o      idata   0x0000fa       data   0x000000
          .udata_DynDNS.o      udata   0x0000fa       data   0x000000
          .idata_DynDNS.o      idata   0x0000fa       data   0x000000
        .udata_ENC28J60.o      udata   0x0000fa       data   0x000000
        .idata_ENC28J60.o      idata   0x0000fa       data   0x000000
      .udata_ENCX24J600.o      udata   0x0000fa       data   0x000000
             .udata_DNS.o      udata   0x0000fa       data   0x000000
      .idata_ENCX24J600.o      idata   0x0000fa       data   0x000000
           .idata_DHCPs.o      idata   0x0000fa       data   0x000000
        .idata_ETH97J60.o      idata   0x0000fa       data   0x000000
           .udata_DHCPs.o      udata   0x0000fa       data   0x000000
            .idata_DHCP.o      idata   0x0000fa       data   0x000000
            .udata_DHCP.o      udata   0x0000fa       data   0x000000
           .idata_Delay.o      idata   0x0000fa       data   0x000000
           .udata_Delay.o      udata   0x0000fa       data   0x000000
             .udata_FTP.o      udata   0x0000fa       data   0x000000
             .idata_FTP.o      idata   0x0000fa       data   0x000000
          .udata_Hashes.o      udata   0x0000fa       data   0x000000
          .idata_Hashes.o      idata   0x0000fa       data   0x000000
     .idata_BerkeleyAPI.o      idata   0x0000fa       data   0x000000
     .udata_BerkeleyAPI.o      udata   0x0000fa       data   0x000000
          .idata_AutoIP.o      idata   0x0000fa       data   0x000000
            .idata_UART.o      idata   0x0000fa       data   0x000000
             .udata_UDP.o      udata   0x0000fa       data   0x000000
             .idata_UDP.o      idata   0x0000fa       data   0x000000
.udata_UDPPerformanceTest.o      udata   0x0000fa       data   0x000000
.idata_UDPPerformanceTest.o      idata   0x0000fa       data   0x000000
   .udata_CustomHTTPApp.o      udata   0x0000fa       data   0x000000
   .idata_CustomHTTPApp.o      idata   0x0000fa       data   0x000000
        .udata_Announce.o      udata   0x0000fa       data   0x000000
   .udata_CustomSNMPApp.o      udata   0x0000fa       data   0x000000
   .idata_CustomSNMPApp.o      idata   0x0000fa       data   0x000000
           .idata_c018i.o      idata   0x0000fa       data   0x000000
.udata_BerkeleyTCPClientDemo.o      udata   0x0000fa       data   0x000000
.idata_BerkeleyTCPClientDemo.o      idata   0x0000fa       data   0x000000
.udata_BerkeleyTCPServerDemo.o      udata   0x0000fa       data   0x000000
.idata_BerkeleyTCPServerDemo.o      idata   0x0000fa       data   0x000000
.udata_BerkeleyUDPClientDemo.o      udata   0x0000fa       data   0x000000
.idata_BerkeleyUDPClientDemo.o      idata   0x0000fa       data   0x000000
.udata_GenericTCPClient.o      udata   0x0000fa       data   0x000000
.idata_GenericTCPClient.o      idata   0x0000fa       data   0x000000
.udata_GenericTCPServer.o      udata   0x0000fa       data   0x000000
.idata_GenericTCPServer.o      idata   0x0000fa       data   0x000000
   .udata_LegacyHTTPApp.o      udata   0x0000fa       data   0x000000
   .idata_LegacyHTTPApp.o      idata   0x0000fa       data   0x000000
       .udata_SPIEEPROM.o      udata   0x0000fa       data   0x000000
       .idata_SPIEEPROM.o      idata   0x0000fa       data   0x000000
        .udata_SPIFlash.o      udata   0x0000fa       data   0x000000
        .idata_SPIFlash.o      idata   0x0000fa       data   0x000000
          .udata_SPIRAM.o      udata   0x0000fa       data   0x000000
          .idata_SPIRAM.o      idata   0x0000fa       data   0x000000
        .idata_StackTsk.o      idata   0x0000fa       data   0x000000
        .idata_Announce.o      idata   0x0000fa       data   0x000000
             .udata_TCP.o      udata   0x0000fa       data   0x000000
             .idata_TCP.o      idata   0x0000fa       data   0x000000
.udata_TCPPerformanceTest.o      udata   0x0000fa       data   0x000000
.idata_TCPPerformanceTest.o      idata   0x0000fa       data   0x000000
          .udata_Telnet.o      udata   0x0000fa       data   0x000000
          .idata_Telnet.o      idata   0x0000fa       data   0x000000
           .udata_TFTPc.o      udata   0x0000fa       data   0x000000
           .idata_TFTPc.o      idata   0x0000fa       data   0x000000
            .udata_UART.o      udata   0x0000fa       data   0x000000
  .idata_UART2TCPBridge.o      idata   0x0000fa       data   0x000000
  .udata_UART2TCPBridge.o      udata   0x0000fa       data   0x000000
        Helpers.o:strnchr     actrec   0x000c00       data   0x000001
Helpers.o:FormatNetBIOSName     actrec   0x000c00       data   0x000001
Helpers.o:leftRotateDWORD     actrec   0x000c00       data   0x000002
     Tick.o:TickGetDiv64K     actrec   0x000c00       data   0x000004
         ARP.o:ARPResolve     actrec   0x000c00       data   0x00001c
 Helpers.o:stricmppgm2ram     actrec   0x000c00       data   0x000002
          Helpers.o:uitoa     actrec   0x000c00       data   0x000006
Helpers.o:ROMStringToIPAddress     actrec   0x000c00       data   0x000007
Helpers.o:StringToIPAddress     actrec   0x000c00       data   0x000007
       pcf8535.o:lcd_init     actrec   0x000c00       data   0x00000a
ETH97J60.o:MACGetFreeRxSize     actrec   0x000c00       data   0x000004
  ETH97J60.o:MACGetHeader     actrec   0x000c00       data   0x000014
ETH97J60.o:MACSetReadPtrInRx     actrec   0x000c00       data   0x000002
 ETH97J60.o:MACSetReadPtr     actrec   0x000c00       data   0x000002
          MainDemo.o:main     actrec   0x000c00       data   0x00000b
ETH97J60.o:CalcIPBufferChecksum     actrec   0x000c00       data   0x00001e
ETH97J60.o:MACMemCopyAsync     actrec   0x000c00       data   0x000006
Helpers.o:GenerateRandomDWORD     actrec   0x000c00       data   0x000014
    ETH97J60.o:ReadPHYReg     actrec   0x000c00       data   0x000002
   ETH97J60.o:WritePHYReg     actrec   0x000c00       data   0x000001
         ARP.o:ARPProcess     actrec   0x000c00       data   0x00001c
      i2c1puts.o:putsI2C1     actrec   0x000c00       data   0x000001
         IP.o:IPPutHeader     actrec   0x000c00       data   0x000014
     Tick.o:TickGetDiv256     actrec   0x000c00       data   0x000004
       ETH97J60.o:MACInit     actrec   0x000c01       data   0x000001
     MainDemo.o:ProcessIO     actrec   0x000c06       data   0x000001
MainDemo.o:DisplayIPValue     actrec   0x000c06       data   0x000005
   Helpers.o:LFSRSeedRand     actrec   0x000c14       data   0x000005
 Helpers.o:CalcIPChecksum     actrec   0x000c14       data   0x000008
       Helpers.o:LFSRRand     actrec   0x000c19       data   0x000001
  ETH97J60.o:MACDiscardRx     actrec   0x000c1c       data   0x000002
      ETH97J60.o:MACFlush     actrec   0x000c1c       data   0x000001
ETH97J60.o:MACSetWritePtr     actrec   0x000c1c       data   0x000002
         IP.o:IPGetHeader     actrec   0x000c1e       data   0x000016
     StackTsk.o:StackTask     actrec   0x000c34       data   0x000008
ETH97J60.o:MACCalcRxChecksum     actrec   0x000c3c       data   0x000004
          Helpers.o:swaps     actrec   0x000c3c       data   0x000003
   ETH97J60.o:MACGetArray     actrec   0x000c40       data   0x000003
                   .stack      udata   0x000d00       data   0x000100
         .udata_Helpers.o      udata   0x000e00       data   0x000034
        .udata_ETH97J60.o      udata   0x000e34       data   0x000034
              .udata_IP.o      udata   0x000e68       data   0x000012
        .udata_i2c1eesr.o      udata   0x000e7a       data   0x000005
        .udata_i2c1writ.o      udata   0x000e7f       data   0x000001
              SFR_BANKED0      udata   0x000e80       data   0x000006
              SFR_BANKED1      udata   0x000e8a       data   0x000001
              SFR_BANKED2      udata   0x000e97       data   0x000003
              SFR_BANKED3      udata   0x000ea0       data   0x000001
              SFR_BANKED4      udata   0x000ea2       data   0x000003
              SFR_BANKED5      udata   0x000ea6       data   0x000002
              SFR_BANKED6      udata   0x000eaa       data   0x000002
              SFR_BANKED7      udata   0x000eb2       data   0x000001
              SFR_BANKED8      udata   0x000eb4       data   0x000001
              SFR_BANKED9      udata   0x000eb6       data   0x000004
             SFR_BANKED10      udata   0x000ec0       data   0x000012
             SFR_BANKED11      udata   0x000ed4       data   0x000002
             SFR_BANKED12      udata   0x000ed8       data   0x000002
             SFR_BANKED13      udata   0x000ee2       data   0x000016
             SFR_BANKED14      udata   0x000efb       data   0x000001
             SFR_BANKED15      udata   0x000efd       data   0x000002
        .udata_MainDemo.o      udata   0x000f00       data   0x000041
             .udata_ARP.o      udata   0x000f41       data   0x00001e
        .udata_i2c1eecr.o      udata   0x000f5f       data   0x000001
            SFR_UNBANKED0      udata   0x000f60       data   0x0000a0



                              Program Memory Usage 
                               Start         End      
                           ---------   ---------      
                            0x000000    0x00294b      
                            0x01fff8    0x01fff8      
                            0x01fffa    0x01fffa      
                            0x01fffd    0x01fffd      
            10575 out of 131072 program addresses used, program memory utilization is 8%



                              Symbols - Sorted by Name
                     Name    Address   Location    Storage File                     
                ---------  ---------  ---------  --------- ---------                
                  ARPInit   0x001448    program     extern F:\astromonty\Programms\PIC18\Microchip\TCPIP Stack\ARP.c
            ARPIsResolved   0x001634    program     extern F:\astromonty\Programms\PIC18\Microchip\TCPIP Stack\ARP.c
               ARPProcess   0x001460    program     extern F:\astromonty\Programms\PIC18\Microchip\TCPIP Stack\ARP.c
                   ARPPut   0x001338    program     static F:\astromonty\Programms\PIC18\Microchip\TCPIP Stack\ARP.c
               ARPResolve   0x0015ac    program     extern F:\astromonty\Programms\PIC18\Microchip\TCPIP Stack\ARP.c
                  AckI2C1   0x0028d8    program     extern C:\Program Files (x86)\MCC18\src\pmc_common\i2c\i2c1ack.c
     CalcIPBufferChecksum   0x000f06    program     extern F:\astromonty\Programms\PIC18\Microchip\TCPIP Stack\ETH97J60.c
           CalcIPChecksum   0x00082c    program     extern F:\astromonty\Programms\PIC18\Microchip\TCPIP Stack\Helpers.c
                CloseI2C1   0x0028e6    program     extern C:\Program Files (x86)\MCC18\src\pmc_common\i2c\i2c1clos.c
                    D1K_1   0x00283c    program     static C:\Program Files (x86)\MCC18\src\traditional\delays\d1ktcyx.asm
                     D1Kx   0x00283a    program     static C:\Program Files (x86)\MCC18\src\traditional\delays\d1ktcyx.asm
              DataRdyI2C1   0x0028ba    program     extern C:\Program Files (x86)\MCC18\src\pmc_common\i2c\i2c1dtrd.c
              Delay1KTCYx   0x002830    program     extern C:\Program Files (x86)\MCC18\src\traditional\delays\d1ktcyx.asm
           DisplayIPValue   0x0019ea    program     extern F:\astromonty\Programms\PIC18\TCPIP Demo App\MainDemo.c
            EEAckPolling1   0x00252c    program     extern C:\Program Files (x86)\MCC18\src\pmc_common\i2c\i2c1eeap.c
             EEByteWrite1   0x0022d0    program     extern C:\Program Files (x86)\MCC18\src\pmc_common\i2c\i2c1eebw.c
        EECurrentAddRead1   0x00240e    program     extern C:\Program Files (x86)\MCC18\src\pmc_common\i2c\i2c1eecr.c
             EEPageWrite1   0x00222c    program     extern C:\Program Files (x86)\MCC18\src\pmc_common\i2c\i2c1eepw.c
            EERandomRead1   0x001f72    program     extern C:\Program Files (x86)\MCC18\src\pmc_common\i2c\i2c1eerr.c
        EESequentialRead1   0x002072    program     extern C:\Program Files (x86)\MCC18\src\pmc_common\i2c\i2c1eesr.c
                 FXD1616U   0x0027e0    program     extern C:\Program Files (x86)\MCC18\src\traditional\math\fxd1616u.c
                 FXD3232U   0x00275c    program     extern C:\Program Files (x86)\MCC18\src\traditional\math\fxd3232u.c
                 FXM1616U   0x0027a4    program     extern C:\Program Files (x86)\MCC18\src\traditional\math\fxm1616u.asm
        FormatNetBIOSName   0x00094e    program     extern F:\astromonty\Programms\PIC18\Microchip\TCPIP Stack\Helpers.c
      GenerateRandomDWORD   0x00014a    program     extern F:\astromonty\Programms\PIC18\Microchip\TCPIP Stack\Helpers.c
              GetTickCopy   0x002162    program     static F:\astromonty\Programms\PIC18\Microchip\TCPIP Stack\Tick.c
                  HighISR   0x001838    program     extern F:\astromonty\Programms\PIC18\TCPIP Demo App\MainDemo.c
               HighVector   0x000008    program     extern F:\astromonty\Programms\PIC18\TCPIP Demo App\MainDemo.c
              IPGetHeader   0x001a64    program     extern F:\astromonty\Programms\PIC18\Microchip\TCPIP Stack\IP.c
              IPPutHeader   0x001b58    program     extern F:\astromonty\Programms\PIC18\Microchip\TCPIP Stack\IP.c
            IPSetRxBuffer   0x001c40    program     extern F:\astromonty\Programms\PIC18\Microchip\TCPIP Stack\IP.c
                 IdleI2C1   0x0028a2    program     extern C:\Program Files (x86)\MCC18\src\pmc_common\i2c\i2c1idle.c
                 LFSRRand   0x0000c4    program     extern F:\astromonty\Programms\PIC18\Microchip\TCPIP Stack\Helpers.c
             LFSRSeedRand   0x000068    program     extern F:\astromonty\Programms\PIC18\Microchip\TCPIP Stack\Helpers.c
                   LowISR   0x00177e    program     extern F:\astromonty\Programms\PIC18\TCPIP Demo App\MainDemo.c
                LowVector   0x000018    program     extern F:\astromonty\Programms\PIC18\TCPIP Demo App\MainDemo.c
        MACCalcRxChecksum   0x000e88    program     extern F:\astromonty\Programms\PIC18\Microchip\TCPIP Stack\ETH97J60.c
             MACDiscardRx   0x000b54    program     extern F:\astromonty\Programms\PIC18\Microchip\TCPIP Stack\ETH97J60.c
                 MACFlush   0x000dd8    program     extern F:\astromonty\Programms\PIC18\Microchip\TCPIP Stack\ETH97J60.c
                   MACGet   0x0011d4    program     extern F:\astromonty\Programms\PIC18\Microchip\TCPIP Stack\ETH97J60.c
              MACGetArray   0x0011da    program     extern F:\astromonty\Programms\PIC18\Microchip\TCPIP Stack\ETH97J60.c
         MACGetFreeRxSize   0x000bc0    program     extern F:\astromonty\Programms\PIC18\Microchip\TCPIP Stack\ETH97J60.c
             MACGetHeader   0x000c60    program     extern F:\astromonty\Programms\PIC18\Microchip\TCPIP Stack\ETH97J60.c
                  MACInit   0x000a0c    program     extern F:\astromonty\Programms\PIC18\Microchip\TCPIP Stack\ETH97J60.c
              MACIsLinked   0x000afc    program     extern F:\astromonty\Programms\PIC18\Microchip\TCPIP Stack\ETH97J60.c
         MACIsMemCopyDone   0x0011c6    program     extern F:\astromonty\Programms\PIC18\Microchip\TCPIP Stack\ETH97J60.c
             MACIsTxReady   0x000b1a    program     extern F:\astromonty\Programms\PIC18\Microchip\TCPIP Stack\ETH97J60.c
          MACMemCopyAsync   0x00101e    program     extern F:\astromonty\Programms\PIC18\Microchip\TCPIP Stack\ETH97J60.c
             MACPowerDown   0x001318    program     extern F:\astromonty\Programms\PIC18\Microchip\TCPIP Stack\ETH97J60.c
               MACPowerUp   0x00132a    program     extern F:\astromonty\Programms\PIC18\Microchip\TCPIP Stack\ETH97J60.c
                   MACPut   0x001240    program     extern F:\astromonty\Programms\PIC18\Microchip\TCPIP Stack\ETH97J60.c
              MACPutArray   0x00124a    program     extern F:\astromonty\Programms\PIC18\Microchip\TCPIP Stack\ETH97J60.c
             MACPutHeader   0x000d7a    program     extern F:\astromonty\Programms\PIC18\Microchip\TCPIP Stack\ETH97J60.c
           MACPutROMArray   0x00127c    program     extern F:\astromonty\Programms\PIC18\Microchip\TCPIP Stack\ETH97J60.c
            MACSetReadPtr   0x000e6c    program     extern F:\astromonty\Programms\PIC18\Microchip\TCPIP Stack\ETH97J60.c
        MACSetReadPtrInRx   0x000dfe    program     extern F:\astromonty\Programms\PIC18\Microchip\TCPIP Stack\ETH97J60.c
           MACSetWritePtr   0x000e50    program     extern F:\astromonty\Programms\PIC18\Microchip\TCPIP Stack\ETH97J60.c
               NotAckI2C1   0x00000e    program     extern C:\Program Files (x86)\MCC18\src\pmc_common\i2c\i2c1nack.c
                 OpenI2C1   0x002888    program     extern C:\Program Files (x86)\MCC18\src\pmc_common\i2c\i2c1open.c
                ProcessIO   0x001a3c    program     static F:\astromonty\Programms\PIC18\TCPIP Demo App\MainDemo.c
     ROMStringToIPAddress   0x00043e    program     extern F:\astromonty\Programms\PIC18\Microchip\TCPIP Stack\Helpers.c
                 ReadI2C1   0x00286c    program     extern C:\Program Files (x86)\MCC18\src\pmc_common\i2c\i2c1read.c
               ReadPHYReg   0x0012b8    program     extern F:\astromonty\Programms\PIC18\Microchip\TCPIP Stack\ETH97J60.c
              RestartI2C1   0x0028e2    program     extern C:\Program Files (x86)\MCC18\src\pmc_common\i2c\i2c1rstr.c
        StackApplications   0x00252a    program     extern F:\astromonty\Programms\PIC18\Microchip\TCPIP Stack\StackTsk.c
                StackInit   0x00249e    program     extern F:\astromonty\Programms\PIC18\Microchip\TCPIP Stack\StackTsk.c
                StackTask   0x0024c2    program     extern F:\astromonty\Programms\PIC18\Microchip\TCPIP Stack\StackTsk.c
                StartI2C1   0x000014    program     extern C:\Program Files (x86)\MCC18\src\pmc_common\i2c\i2c1strt.c
                 StopI2C1   0x0028de    program     extern C:\Program Files (x86)\MCC18\src\pmc_common\i2c\i2c1stop.c
        StringToIPAddress   0x00028e    program     extern F:\astromonty\Programms\PIC18\Microchip\TCPIP Stack\Helpers.c
            SwapARPPacket   0x0016e0    program     extern F:\astromonty\Programms\PIC18\Microchip\TCPIP Stack\ARP.c
             SwapIPHeader   0x001c58    program     static F:\astromonty\Programms\PIC18\Microchip\TCPIP Stack\IP.c
     TCPSocketInitializer   0x00280c    program     extern F:\astromonty\Programms\PIC18\TCPIP Demo App\TCPIPConfig.h
TickConvertToMilliseconds   0x0021ea    program     extern F:\astromonty\Programms\PIC18\Microchip\TCPIP Stack\Tick.c
                  TickGet   0x002188    program     extern F:\astromonty\Programms\PIC18\Microchip\TCPIP Stack\Tick.c
            TickGetDiv256   0x00219e    program     extern F:\astromonty\Programms\PIC18\Microchip\TCPIP Stack\Tick.c
            TickGetDiv64K   0x0021c4    program     extern F:\astromonty\Programms\PIC18\Microchip\TCPIP Stack\Tick.c
                 TickInit   0x002152    program     extern F:\astromonty\Programms\PIC18\Microchip\TCPIP Stack\Tick.c
               TickUpdate   0x002218    program     extern F:\astromonty\Programms\PIC18\Microchip\TCPIP Stack\Tick.c
                WriteI2C1   0x002630    program     extern C:\Program Files (x86)\MCC18\src\pmc_common\i2c\i2c1writ.c
              WritePHYReg   0x0012e8    program     extern F:\astromonty\Programms\PIC18\Microchip\TCPIP Stack\ETH97J60.c
              _4jContinue   0x0025e4    program     static C:\Program Files (x86)\MCC18\src\traditional\stdclib\memcpy.asm
                   _5jEnd   0x0025ee    program     static C:\Program Files (x86)\MCC18\src\traditional\stdclib\memcpy.asm
        _D1KTCYXCODE_0010   0x002840    program     static C:\Program Files (x86)\MCC18\src\traditional\delays\d1ktcyx.asm
        _D1KTCYXCODE_0016   0x002846    program     static C:\Program Files (x86)\MCC18\src\traditional\delays\d1ktcyx.asm
           ___do_lbl00002   0x002180    program     static                          
           ___do_lbl00003   0x002184    program     static                          
           ___do_lbl00004   0x002162    program     static                          
          ___for_lbl00100   0x000916    program     static                          
          ___for_lbl00101   0x00091e    program     static                          
          ___for_lbl00102   0x0008fa    program     static                          
          ___for_lbl00103   0x000934    program     static                          
          ___for_lbl00104   0x00093a    program     static                          
          ___for_lbl00105   0x00091e    program     static                          
           ___if_lbl00014   0x0001f4    program     static                          
           ___if_lbl00015   0x00020a    program     static                          
           ___if_lbl00016   0x00025c    program     static                          
           ___if_lbl00017   0x000264    program     static                          
           ___if_lbl00020   0x000c6a    program     static                          
           ___if_lbl00021   0x000c7a    program     static                          
           ___if_lbl00027   0x000d0a    program     static                          
           ___if_lbl00030   0x000d70    program     static                          
       ___return_lbl00000   0x000004    program     static                          
       ___return_lbl00000   0x0027a2    program     static                          
       ___return_lbl00000   0x00280a    program     static                          
       ___return_lbl00000   0x000afa    program     static                          
       ___return_lbl00001   0x00286a    program     static                          
       ___return_lbl00001   0x002186    program     static                          
       ___return_lbl00002   0x00240c    program     static                          
       ___return_lbl00002   0x00001c    program     static                          
       ___return_lbl00003   0x00000c    program     static                          
       ___return_lbl00009   0x00028c    program     static                          
       ___return_lbl00019   0x000d78    program     static                          
       ___return_lbl00079   0x001248    program     static                          
       ___return_lbl00080   0x00127a    program     static                          
       ___return_lbl00083   0x0012b6    program     static                          
       ___return_lbl00086   0x0012e6    program     static                          
       ___return_lbl00089   0x001316    program     static                          
       ___return_lbl00099   0x00094c    program     static                          
        ___while_lbl00001   0x000a14    program     static                          
        ___while_lbl00002   0x000a1a    program     static                          
        ___while_lbl00010   0x00018e    program     static                          
        ___while_lbl00011   0x000266    program     static                          
        ___while_lbl00012   0x000196    program     static                          
        ___while_lbl00013   0x00019a    program     static                          
        ___while_lbl00081   0x00124a    program     static                          
        ___while_lbl00082   0x00127a    program     static                          
        ___while_lbl00084   0x00127c    program     static                          
        ___while_lbl00085   0x0012b6    program     static                          
        ___while_lbl00087   0x0012c6    program     static                          
        ___while_lbl00088   0x0012cc    program     static                          
        ___while_lbl00090   0x001310    program     static                          
        ___while_lbl00091   0x001316    program     static                          
               __config_0   0x01fff8    program     static F:\astromonty\Programms\PIC18\TCPIP Demo App\MainDemo.c
               __config_1   0x01fffa    program     static F:\astromonty\Programms\PIC18\TCPIP Demo App\MainDemo.c
               __config_2   0x01fffd    program     static F:\astromonty\Programms\PIC18\TCPIP Demo App\MainDemo.c
                   __init   0x000006    program     extern C:\Program Files (x86)\MCC18\src\traditional\stdclib\__init.c
               __tmplbl_0   0x0001d4    program     static                          
              __tmplbl_10   0x000cd2    program     static                          
              __tmplbl_11   0x000cd0    program     static                          
              __tmplbl_12   0x000d64    program     static                          
              __tmplbl_13   0x000d56    program     static                          
              __tmplbl_14   0x000d5c    program     static                          
               __tmplbl_5   0x000d08    program     static                          
               __tmplbl_6   0x000cfe    program     static                          
               __tmplbl_7   0x000cf0    program     static                          
               __tmplbl_8   0x000ce6    program     static                          
               __tmplbl_9   0x000cdc    program     static                          
            __zero_memory   0x0028ca    program     extern C:\MCC18\src\traditional\proc\p18F67J60.asm
                _do_cinit   0x002370    program     extern C:\Program Files (x86)\MCC18\src\traditional\startup\c018i.c
                   _entry   0x000000    program     extern C:\Program Files (x86)\MCC18\src\traditional\startup\c018i.c
                   _false   0x00279e    program     static                          
                 _startup   0x002850    program     extern C:\Program Files (x86)\MCC18\src\traditional\startup\c018i.c
             btohexa_high   0x0006fc    program     extern F:\astromonty\Programms\PIC18\Microchip\TCPIP Stack\Helpers.c
              btohexa_low   0x00071a    program     extern F:\astromonty\Programms\PIC18\Microchip\TCPIP Stack\Helpers.c
               clear_loop   0x0028d0    program     static C:\MCC18\src\traditional\proc\p18F67J60.asm
                copy_loop   0x0023e2    program     static                          
            copy_one_byte   0x0023e8    program     static                          
                     done   0x00240c    program     static                          
             done_copying   0x0023f6    program     static                          
                  endloop   0x002806    program     static                          
                 getsI2C1   0x002704    program     extern C:\Program Files (x86)\MCC18\src\pmc_common\i2c\i2c1gets.c
                  hexatob   0x0006bc    program     extern F:\astromonty\Programms\PIC18\Microchip\TCPIP Stack\Helpers.c
                     jEnd   0x00262e    program     static C:\Program Files (x86)\MCC18\src\traditional\stdclib\strupr.asm
                     jEnd   0x0025f4    program     static C:\Program Files (x86)\MCC18\src\traditional\stdclib\memcpy.asm
                    jLoop   0x00261a    program     static C:\Program Files (x86)\MCC18\src\traditional\stdclib\strupr.asm
                    jLoop   0x0025d8    program     static C:\Program Files (x86)\MCC18\src\traditional\stdclib\memcpy.asm
                    jSkip   0x00262a    program     static C:\Program Files (x86)\MCC18\src\traditional\stdclib\strupr.asm
                 lcd_home   0x001d74    program     extern F:\astromonty\Programms\PIC18\TCPIP Demo App\pcf8535.c
                 lcd_init   0x001d98    program     extern F:\astromonty\Programms\PIC18\TCPIP Demo App\pcf8535.c
           lcd_send_array   0x001d38    program     extern F:\astromonty\Programms\PIC18\TCPIP Demo App\pcf8535.c
         lcd_set_contrast   0x001ef8    program     extern F:\astromonty\Programms\PIC18\TCPIP Demo App\pcf8535.c
          lcd_start_write   0x001d02    program     static F:\astromonty\Programms\PIC18\TCPIP Demo App\pcf8535.c
          leftRotateDWORD   0x0008e6    program     extern F:\astromonty\Programms\PIC18\Microchip\TCPIP Stack\Helpers.c
                     loop   0x0027ea    program     static                          
                     loop   0x00276a    program     static                          
                     loop   0x002860    program     static                          
                     main   0x00185e    program     extern F:\astromonty\Programms\PIC18\TCPIP Demo App\MainDemo.c
                   memcpy   0x0025b0    program     extern C:\Program Files (x86)\MCC18\src\traditional\stdclib\memcpy.asm
                 putsI2C1   0x0026a2    program     extern C:\Program Files (x86)\MCC18\src\pmc_common\i2c\i2c1puts.c
           stricmppgm2ram   0x000736    program     extern F:\astromonty\Programms\PIC18\Microchip\TCPIP Stack\Helpers.c
                  strnchr   0x0009b2    program     extern F:\astromonty\Programms\PIC18\Microchip\TCPIP Stack\Helpers.c
                   strupr   0x002606    program     extern C:\Program Files (x86)\MCC18\src\traditional\stdclib\strupr.asm
                    swapl   0x0007fe    program     extern F:\astromonty\Programms\PIC18\Microchip\TCPIP Stack\Helpers.c
                    swaps   0x0007de    program     extern F:\astromonty\Programms\PIC18\Microchip\TCPIP Stack\Helpers.c
                     test   0x00238a    program     static                          
                    uitoa   0x0005f6    program     extern F:\astromonty\Programms\PIC18\Microchip\TCPIP Stack\Helpers.c
                   ADCON0   0x000fc2       data     extern C:\MCC18\src\traditional\proc\p18F67J60.asm
               ADCON0Save   0x000c0f       data     static F:\astromonty\Programms\PIC18\Microchip\TCPIP Stack\Helpers.c
               ADCON0bits   0x000fc2       data     extern C:\MCC18\src\traditional\proc\p18F67J60.asm
                   ADCON1   0x000fc1       data     extern C:\MCC18\src\traditional\proc\p18F67J60.asm
               ADCON1bits   0x000fc1       data     extern C:\MCC18\src\traditional\proc\p18F67J60.asm
                   ADCON2   0x000fc0       data     extern C:\MCC18\src\traditional\proc\p18F67J60.asm
               ADCON2Save   0x000c10       data     static F:\astromonty\Programms\PIC18\Microchip\TCPIP Stack\Helpers.c
               ADCON2bits   0x000fc0       data     extern C:\MCC18\src\traditional\proc\p18F67J60.asm
                    ADRES   0x000fc3       data     extern C:\MCC18\src\traditional\proc\p18F67J60.asm
                   ADRESH   0x000fc4       data     extern C:\MCC18\src\traditional\proc\p18F67J60.asm
                   ADRESL   0x000fc3       data     extern C:\MCC18\src\traditional\proc\p18F67J60.asm
                AN0String   0x000f35       data     extern F:\astromonty\Programms\PIC18\TCPIP Demo App\MainDemo.c
                AppConfig   0x000f00       data     extern F:\astromonty\Programms\PIC18\TCPIP Demo App\MainDemo.c
               AsciiChars   0x000e11       data     static F:\astromonty\Programms\PIC18\Microchip\TCPIP Stack\Helpers.c
                  BAUDCON   0x000f7e       data     extern C:\MCC18\src\traditional\proc\p18F67J60.asm
                 BAUDCON1   0x000f7e       data     extern C:\MCC18\src\traditional\proc\p18F67J60.asm
             BAUDCON1bits   0x000f7e       data     extern C:\MCC18\src\traditional\proc\p18F67J60.asm
              BAUDCONbits   0x000f7e       data     extern C:\MCC18\src\traditional\proc\p18F67J60.asm
                  BAUDCTL   0x000f7e       data     extern C:\MCC18\src\traditional\proc\p18F67J60.asm
                 BAUDCTL1   0x000f7e       data     extern C:\MCC18\src\traditional\proc\p18F67J60.asm
             BAUDCTL1bits   0x000f7e       data     extern C:\MCC18\src\traditional\proc\p18F67J60.asm
              BAUDCTLbits   0x000f7e       data     extern C:\MCC18\src\traditional\proc\p18F67J60.asm
                      BSR   0x000fe0       data     extern C:\MCC18\src\traditional\proc\p18F67J60.asm
                   Buffer   0x000e0f       data     static F:\astromonty\Programms\PIC18\Microchip\TCPIP Stack\Helpers.c
                  CCP1CON   0x000fbd       data     extern C:\MCC18\src\traditional\proc\p18F67J60.asm
              CCP1CONbits   0x000fbd       data     extern C:\MCC18\src\traditional\proc\p18F67J60.asm
                  CCP2CON   0x000fba       data     extern C:\MCC18\src\traditional\proc\p18F67J60.asm
              CCP2CONbits   0x000fba       data     extern C:\MCC18\src\traditional\proc\p18F67J60.asm
                  CCP3CON   0x000fb7       data     extern C:\MCC18\src\traditional\proc\p18F67J60.asm
              CCP3CONbits   0x000fb7       data     extern C:\MCC18\src\traditional\proc\p18F67J60.asm
                  CCP4CON   0x000f73       data     extern C:\MCC18\src\traditional\proc\p18F67J60.asm
              CCP4CONbits   0x000f73       data     extern C:\MCC18\src\traditional\proc\p18F67J60.asm
                  CCP5CON   0x000f70       data     extern C:\MCC18\src\traditional\proc\p18F67J60.asm
              CCP5CONbits   0x000f70       data     extern C:\MCC18\src\traditional\proc\p18F67J60.asm
                    CCPR1   0x000fbe       data     extern C:\MCC18\src\traditional\proc\p18F67J60.asm
                   CCPR1H   0x000fbf       data     extern C:\MCC18\src\traditional\proc\p18F67J60.asm
                   CCPR1L   0x000fbe       data     extern C:\MCC18\src\traditional\proc\p18F67J60.asm
                    CCPR2   0x000fbb       data     extern C:\MCC18\src\traditional\proc\p18F67J60.asm
                   CCPR2H   0x000fbc       data     extern C:\MCC18\src\traditional\proc\p18F67J60.asm
                   CCPR2L   0x000fbb       data     extern C:\MCC18\src\traditional\proc\p18F67J60.asm
                    CCPR3   0x000fb8       data     extern C:\MCC18\src\traditional\proc\p18F67J60.asm
                   CCPR3H   0x000fb9       data     extern C:\MCC18\src\traditional\proc\p18F67J60.asm
                   CCPR3L   0x000fb8       data     extern C:\MCC18\src\traditional\proc\p18F67J60.asm
                    CCPR4   0x000f74       data     extern C:\MCC18\src\traditional\proc\p18F67J60.asm
                   CCPR4H   0x000f75       data     extern C:\MCC18\src\traditional\proc\p18F67J60.asm
                   CCPR4L   0x000f74       data     extern C:\MCC18\src\traditional\proc\p18F67J60.asm
                    CCPR5   0x000f71       data     extern C:\MCC18\src\traditional\proc\p18F67J60.asm
                   CCPR5H   0x000f72       data     extern C:\MCC18\src\traditional\proc\p18F67J60.asm
                   CCPR5L   0x000f71       data     extern C:\MCC18\src\traditional\proc\p18F67J60.asm
                    CMCON   0x000fb4       data     extern C:\MCC18\src\traditional\proc\p18F67J60.asm
                CMCONbits   0x000fb4       data     extern C:\MCC18\src\traditional\proc\p18F67J60.asm
                   CVRCON   0x000fb5       data     extern C:\MCC18\src\traditional\proc\p18F67J60.asm
               CVRCONbits   0x000fb5       data     extern C:\MCC18\src\traditional\proc\p18F67J60.asm
                    Cache   0x000f41       data     static F:\astromonty\Programms\PIC18\Microchip\TCPIP Stack\ARP.c
             CalcChecksum   0x000c1e       data     static F:\astromonty\Programms\PIC18\Microchip\TCPIP Stack\IP.c
                 Checksum   0x000c02       data     static F:\astromonty\Programms\PIC18\Microchip\TCPIP Stack\ETH97J60.c
                 ChunkLen   0x000c06       data     static F:\astromonty\Programms\PIC18\Microchip\TCPIP Stack\ETH97J60.c
    CurrentPacketLocation   0x000e36       data     static F:\astromonty\Programms\PIC18\Microchip\TCPIP Stack\ETH97J60.c
                     DDRA   0x000f92       data     extern C:\MCC18\src\traditional\proc\p18F67J60.asm
                 DDRAbits   0x000f92       data     extern C:\MCC18\src\traditional\proc\p18F67J60.asm
                     DDRB   0x000f93       data     extern C:\MCC18\src\traditional\proc\p18F67J60.asm
                 DDRBbits   0x000f93       data     extern C:\MCC18\src\traditional\proc\p18F67J60.asm
                     DDRC   0x000f94       data     extern C:\MCC18\src\traditional\proc\p18F67J60.asm
                 DDRCbits   0x000f94       data     extern C:\MCC18\src\traditional\proc\p18F67J60.asm
                     DDRD   0x000f95       data     extern C:\MCC18\src\traditional\proc\p18F67J60.asm
                 DDRDbits   0x000f95       data     extern C:\MCC18\src\traditional\proc\p18F67J60.asm
                     DDRE   0x000f96       data     extern C:\MCC18\src\traditional\proc\p18F67J60.asm
                 DDREbits   0x000f96       data     extern C:\MCC18\src\traditional\proc\p18F67J60.asm
                     DDRF   0x000f97       data     extern C:\MCC18\src\traditional\proc\p18F67J60.asm
                 DDRFbits   0x000f97       data     extern C:\MCC18\src\traditional\proc\p18F67J60.asm
                     DDRG   0x000f98       data     extern C:\MCC18\src\traditional\proc\p18F67J60.asm
                 DDRGbits   0x000f98       data     extern C:\MCC18\src\traditional\proc\p18F67J60.asm
                     Data   0x000e66       data     static F:\astromonty\Programms\PIC18\Microchip\TCPIP Stack\ETH97J60.c
               DataBuffer   0x000c08       data     static F:\astromonty\Programms\PIC18\Microchip\TCPIP Stack\ETH97J60.c
                  DataPtr   0x000c1c       data     static F:\astromonty\Programms\PIC18\Microchip\TCPIP Stack\ETH97J60.c
            DelayCounter1   0x000020       data     extern C:\Program Files (x86)\MCC18\src\traditional\delays\delayd1.asm
                    Digit   0x000c01       data     static F:\astromonty\Programms\PIC18\Microchip\TCPIP Stack\Helpers.c
                  Divisor   0x000c03       data     static F:\astromonty\Programms\PIC18\Microchip\TCPIP Stack\Helpers.c
                  ECCP1AS   0x000fb6       data     extern C:\MCC18\src\traditional\proc\p18F67J60.asm
              ECCP1ASbits   0x000fb6       data     extern C:\MCC18\src\traditional\proc\p18F67J60.asm
                 ECCP1CON   0x000fbd       data     extern C:\MCC18\src\traditional\proc\p18F67J60.asm
             ECCP1CONbits   0x000fbd       data     extern C:\MCC18\src\traditional\proc\p18F67J60.asm
                 ECCP1DEL   0x000f79       data     extern C:\MCC18\src\traditional\proc\p18F67J60.asm
             ECCP1DELbits   0x000f79       data     extern C:\MCC18\src\traditional\proc\p18F67J60.asm
                  ECCP2AS   0x000f68       data     extern C:\MCC18\src\traditional\proc\p18F67J60.asm
              ECCP2ASbits   0x000f68       data     extern C:\MCC18\src\traditional\proc\p18F67J60.asm
                 ECCP2CON   0x000fba       data     extern C:\MCC18\src\traditional\proc\p18F67J60.asm
             ECCP2CONbits   0x000fba       data     extern C:\MCC18\src\traditional\proc\p18F67J60.asm
                 ECCP2DEL   0x000f67       data     extern C:\MCC18\src\traditional\proc\p18F67J60.asm
             ECCP2DELbits   0x000f67       data     extern C:\MCC18\src\traditional\proc\p18F67J60.asm
                  ECCP3AS   0x000f6a       data     extern C:\MCC18\src\traditional\proc\p18F67J60.asm
              ECCP3ASbits   0x000f6a       data     extern C:\MCC18\src\traditional\proc\p18F67J60.asm
                 ECCP3CON   0x000fb7       data     extern C:\MCC18\src\traditional\proc\p18F67J60.asm
             ECCP3CONbits   0x000fb7       data     extern C:\MCC18\src\traditional\proc\p18F67J60.asm
                 ECCP3DEL   0x000f69       data     extern C:\MCC18\src\traditional\proc\p18F67J60.asm
             ECCP3DELbits   0x000f69       data     extern C:\MCC18\src\traditional\proc\p18F67J60.asm
                    ECON1   0x000fd2       data     extern C:\MCC18\src\traditional\proc\p18F67J60.asm
                ECON1bits   0x000fd2       data     extern C:\MCC18\src\traditional\proc\p18F67J60.asm
                    ECON2   0x000efe       data     extern C:\MCC18\src\traditional\proc\p18F67J60.asm
                ECON2bits   0x000efe       data     extern C:\MCC18\src\traditional\proc\p18F67J60.asm
                    EDATA   0x000f61       data     extern C:\MCC18\src\traditional\proc\p18F67J60.asm
                EDATAbits   0x000f61       data     extern C:\MCC18\src\traditional\proc\p18F67J60.asm
                   EDMACS   0x000ef6       data     extern C:\MCC18\src\traditional\proc\p18F67J60.asm
                  EDMACSH   0x000ef7       data     extern C:\MCC18\src\traditional\proc\p18F67J60.asm
                  EDMACSL   0x000ef6       data     extern C:\MCC18\src\traditional\proc\p18F67J60.asm
                  EDMADST   0x000ef4       data     extern C:\MCC18\src\traditional\proc\p18F67J60.asm
                 EDMADSTH   0x000ef5       data     extern C:\MCC18\src\traditional\proc\p18F67J60.asm
                 EDMADSTL   0x000ef4       data     extern C:\MCC18\src\traditional\proc\p18F67J60.asm
                   EDMAND   0x000ef2       data     extern C:\MCC18\src\traditional\proc\p18F67J60.asm
                  EDMANDH   0x000ef3       data     extern C:\MCC18\src\traditional\proc\p18F67J60.asm
                  EDMANDL   0x000ef2       data     extern C:\MCC18\src\traditional\proc\p18F67J60.asm
                   EDMAST   0x000ef0       data     extern C:\MCC18\src\traditional\proc\p18F67J60.asm
                  EDMASTH   0x000ef1       data     extern C:\MCC18\src\traditional\proc\p18F67J60.asm
[...]
                 DDRAbits   0x000f92       data     extern C:\MCC18\src\traditional\proc\p18F67J60.asm
                    TRISA   0x000f92       data     extern C:\MCC18\src\traditional\proc\p18F67J60.asm
                TRISAbits   0x000f92       data     extern C:\MCC18\src\traditional\proc\p18F67J60.asm
                 DDRBbits   0x000f93       data     extern C:\MCC18\src\traditional\proc\p18F67J60.asm
                     DDRB   0x000f93       data     extern C:\MCC18\src\traditional\proc\p18F67J60.asm
                    TRISB   0x000f93       data     extern C:\MCC18\src\traditional\proc\p18F67J60.asm
                TRISBbits   0x000f93       data     extern C:\MCC18\src\traditional\proc\p18F67J60.asm
                    TRISC   0x000f94       data     extern C:\MCC18\src\traditional\proc\p18F67J60.asm
                TRISCbits   0x000f94       data     extern C:\MCC18\src\traditional\proc\p18F67J60.asm
                     DDRC   0x000f94       data     extern C:\MCC18\src\traditional\proc\p18F67J60.asm
                 DDRCbits   0x000f94       data     extern C:\MCC18\src\traditional\proc\p18F67J60.asm
                TRISDbits   0x000f95       data     extern C:\MCC18\src\traditional\proc\p18F67J60.asm
                    TRISD   0x000f95       data     extern C:\MCC18\src\traditional\proc\p18F67J60.asm
                     DDRD   0x000f95       data     extern C:\MCC18\src\traditional\proc\p18F67J60.asm
                 DDRDbits   0x000f95       data     extern C:\MCC18\src\traditional\proc\p18F67J60.asm
                 DDREbits   0x000f96       data     extern C:\MCC18\src\traditional\proc\p18F67J60.asm
                TRISEbits   0x000f96       data     extern C:\MCC18\src\traditional\proc\p18F67J60.asm
                    TRISE   0x000f96       data     extern C:\MCC18\src\traditional\proc\p18F67J60.asm
                     DDRE   0x000f96       data     extern C:\MCC18\src\traditional\proc\p18F67J60.asm
                 DDRFbits   0x000f97       data     extern C:\MCC18\src\traditional\proc\p18F67J60.asm
                     DDRF   0x000f97       data     extern C:\MCC18\src\traditional\proc\p18F67J60.asm
                    TRISF   0x000f97       data     extern C:\MCC18\src\traditional\proc\p18F67J60.asm
                TRISFbits   0x000f97       data     extern C:\MCC18\src\traditional\proc\p18F67J60.asm
                TRISGbits   0x000f98       data     extern C:\MCC18\src\traditional\proc\p18F67J60.asm
                 DDRGbits   0x000f98       data     extern C:\MCC18\src\traditional\proc\p18F67J60.asm
                     DDRG   0x000f98       data     extern C:\MCC18\src\traditional\proc\p18F67J60.asm
                    TRISG   0x000f98       data     extern C:\MCC18\src\traditional\proc\p18F67J60.asm
              OSCTUNEbits   0x000f9b       data     extern C:\MCC18\src\traditional\proc\p18F67J60.asm
                  OSCTUNE   0x000f9b       data     extern C:\MCC18\src\traditional\proc\p18F67J60.asm
                 PIE1bits   0x000f9d       data     extern C:\MCC18\src\traditional\proc\p18F67J60.asm
                     PIE1   0x000f9d       data     extern C:\MCC18\src\traditional\proc\p18F67J60.asm
                 PIR1bits   0x000f9e       data     extern C:\MCC18\src\traditional\proc\p18F67J60.asm
                     PIR1   0x000f9e       data     extern C:\MCC18\src\traditional\proc\p18F67J60.asm
                     IPR1   0x000f9f       data     extern C:\MCC18\src\traditional\proc\p18F67J60.asm
                 IPR1bits   0x000f9f       data     extern C:\MCC18\src\traditional\proc\p18F67J60.asm
                 PIE2bits   0x000fa0       data     extern C:\MCC18\src\traditional\proc\p18F67J60.asm
                     PIE2   0x000fa0       data     extern C:\MCC18\src\traditional\proc\p18F67J60.asm
                 PIR2bits   0x000fa1       data     extern C:\MCC18\src\traditional\proc\p18F67J60.asm
                     PIR2   0x000fa1       data     extern C:\MCC18\src\traditional\proc\p18F67J60.asm
                 IPR2bits   0x000fa2       data     extern C:\MCC18\src\traditional\proc\p18F67J60.asm
                     IPR2   0x000fa2       data     extern C:\MCC18\src\traditional\proc\p18F67J60.asm
                 PIE3bits   0x000fa3       data     extern C:\MCC18\src\traditional\proc\p18F67J60.asm
                     PIE3   0x000fa3       data     extern C:\MCC18\src\traditional\proc\p18F67J60.asm
                 PIR3bits   0x000fa4       data     extern C:\MCC18\src\traditional\proc\p18F67J60.asm
                     PIR3   0x000fa4       data     extern C:\MCC18\src\traditional\proc\p18F67J60.asm
                 IPR3bits   0x000fa5       data     extern C:\MCC18\src\traditional\proc\p18F67J60.asm
                     IPR3   0x000fa5       data     extern C:\MCC18\src\traditional\proc\p18F67J60.asm
                   EECON1   0x000fa6       data     extern C:\MCC18\src\traditional\proc\p18F67J60.asm
               EECON1bits   0x000fa6       data     extern C:\MCC18\src\traditional\proc\p18F67J60.asm
                   EECON2   0x000fa7       data     extern C:\MCC18\src\traditional\proc\p18F67J60.asm
                RCSTAbits   0x000fab       data     extern C:\MCC18\src\traditional\proc\p18F67J60.asm
                    RCSTA   0x000fab       data     extern C:\MCC18\src\traditional\proc\p18F67J60.asm
               RCSTA1bits   0x000fab       data     extern C:\MCC18\src\traditional\proc\p18F67J60.asm
                   RCSTA1   0x000fab       data     extern C:\MCC18\src\traditional\proc\p18F67J60.asm
                TXSTAbits   0x000fac       data     extern C:\MCC18\src\traditional\proc\p18F67J60.asm
               TXSTA1bits   0x000fac       data     extern C:\MCC18\src\traditional\proc\p18F67J60.asm
                    TXSTA   0x000fac       data     extern C:\MCC18\src\traditional\proc\p18F67J60.asm
                   TXSTA1   0x000fac       data     extern C:\MCC18\src\traditional\proc\p18F67J60.asm
                    TXREG   0x000fad       data     extern C:\MCC18\src\traditional\proc\p18F67J60.asm
                   TXREG1   0x000fad       data     extern C:\MCC18\src\traditional\proc\p18F67J60.asm
                   RCREG1   0x000fae       data     extern C:\MCC18\src\traditional\proc\p18F67J60.asm
                    RCREG   0x000fae       data     extern C:\MCC18\src\traditional\proc\p18F67J60.asm
                    SPBRG   0x000faf       data     extern C:\MCC18\src\traditional\proc\p18F67J60.asm
                   SPBRG1   0x000faf       data     extern C:\MCC18\src\traditional\proc\p18F67J60.asm
                T3CONbits   0x000fb1       data     extern C:\MCC18\src\traditional\proc\p18F67J60.asm
                    T3CON   0x000fb1       data     extern C:\MCC18\src\traditional\proc\p18F67J60.asm
                    TMR3L   0x000fb2       data     extern C:\MCC18\src\traditional\proc\p18F67J60.asm
                    TMR3H   0x000fb3       data     extern C:\MCC18\src\traditional\proc\p18F67J60.asm
                    CMCON   0x000fb4       data     extern C:\MCC18\src\traditional\proc\p18F67J60.asm
                CMCONbits   0x000fb4       data     extern C:\MCC18\src\traditional\proc\p18F67J60.asm
                   CVRCON   0x000fb5       data     extern C:\MCC18\src\traditional\proc\p18F67J60.asm
               CVRCONbits   0x000fb5       data     extern C:\MCC18\src\traditional\proc\p18F67J60.asm
              ECCP1ASbits   0x000fb6       data     extern C:\MCC18\src\traditional\proc\p18F67J60.asm
                  ECCP1AS   0x000fb6       data     extern C:\MCC18\src\traditional\proc\p18F67J60.asm
              CCP3CONbits   0x000fb7       data     extern C:\MCC18\src\traditional\proc\p18F67J60.asm
                  CCP3CON   0x000fb7       data     extern C:\MCC18\src\traditional\proc\p18F67J60.asm
             ECCP3CONbits   0x000fb7       data     extern C:\MCC18\src\traditional\proc\p18F67J60.asm
                 ECCP3CON   0x000fb7       data     extern C:\MCC18\src\traditional\proc\p18F67J60.asm
                    CCPR3   0x000fb8       data     extern C:\MCC18\src\traditional\proc\p18F67J60.asm
                   CCPR3L   0x000fb8       data     extern C:\MCC18\src\traditional\proc\p18F67J60.asm
                   CCPR3H   0x000fb9       data     extern C:\MCC18\src\traditional\proc\p18F67J60.asm
              CCP2CONbits   0x000fba       data     extern C:\MCC18\src\traditional\proc\p18F67J60.asm
                  CCP2CON   0x000fba       data     extern C:\MCC18\src\traditional\proc\p18F67J60.asm
                 ECCP2CON   0x000fba       data     extern C:\MCC18\src\traditional\proc\p18F67J60.asm
             ECCP2CONbits   0x000fba       data     extern C:\MCC18\src\traditional\proc\p18F67J60.asm
                    CCPR2   0x000fbb       data     extern C:\MCC18\src\traditional\proc\p18F67J60.asm
                   CCPR2L   0x000fbb       data     extern C:\MCC18\src\traditional\proc\p18F67J60.asm
                   CCPR2H   0x000fbc       data     extern C:\MCC18\src\traditional\proc\p18F67J60.asm
             ECCP1CONbits   0x000fbd       data     extern C:\MCC18\src\traditional\proc\p18F67J60.asm
              CCP1CONbits   0x000fbd       data     extern C:\MCC18\src\traditional\proc\p18F67J60.asm
                  CCP1CON   0x000fbd       data     extern C:\MCC18\src\traditional\proc\p18F67J60.asm
                 ECCP1CON   0x000fbd       data     extern C:\MCC18\src\traditional\proc\p18F67J60.asm
                    CCPR1   0x000fbe       data     extern C:\MCC18\src\traditional\proc\p18F67J60.asm
                   CCPR1L   0x000fbe       data     extern C:\MCC18\src\traditional\proc\p18F67J60.asm
                   CCPR1H   0x000fbf       data     extern C:\MCC18\src\traditional\proc\p18F67J60.asm
                   ADCON2   0x000fc0       data     extern C:\MCC18\src\traditional\proc\p18F67J60.asm
               ADCON2bits   0x000fc0       data     extern C:\MCC18\src\traditional\proc\p18F67J60.asm
               ADCON1bits   0x000fc1       data     extern C:\MCC18\src\traditional\proc\p18F67J60.asm
                   ADCON1   0x000fc1       data     extern C:\MCC18\src\traditional\proc\p18F67J60.asm
                   ADCON0   0x000fc2       data     extern C:\MCC18\src\traditional\proc\p18F67J60.asm
               ADCON0bits   0x000fc2       data     extern C:\MCC18\src\traditional\proc\p18F67J60.asm
                    ADRES   0x000fc3       data     extern C:\MCC18\src\traditional\proc\p18F67J60.asm
                   ADRESL   0x000fc3       data     extern C:\MCC18\src\traditional\proc\p18F67J60.asm
                   ADRESH   0x000fc4       data     extern C:\MCC18\src\traditional\proc\p18F67J60.asm
                 SSP1CON2   0x000fc5       data     extern C:\MCC18\src\traditional\proc\p18F67J60.asm
             SSP1CON2bits   0x000fc5       data     extern C:\MCC18\src\traditional\proc\p18F67J60.asm
                  SSPCON2   0x000fc5       data     extern C:\MCC18\src\traditional\proc\p18F67J60.asm
              SSPCON2bits   0x000fc5       data     extern C:\MCC18\src\traditional\proc\p18F67J60.asm
                 SSP1CON1   0x000fc6       data     extern C:\MCC18\src\traditional\proc\p18F67J60.asm
             SSP1CON1bits   0x000fc6       data     extern C:\MCC18\src\traditional\proc\p18F67J60.asm
              SSPCON1bits   0x000fc6       data     extern C:\MCC18\src\traditional\proc\p18F67J60.asm
                  SSPCON1   0x000fc6       data     extern C:\MCC18\src\traditional\proc\p18F67J60.asm
              SSPSTATbits   0x000fc7       data     extern C:\MCC18\src\traditional\proc\p18F67J60.asm
                 SSP1STAT   0x000fc7       data     extern C:\MCC18\src\traditional\proc\p18F67J60.asm
             SSP1STATbits   0x000fc7       data     extern C:\MCC18\src\traditional\proc\p18F67J60.asm
                  SSPSTAT   0x000fc7       data     extern C:\MCC18\src\traditional\proc\p18F67J60.asm
                  SSP1ADD   0x000fc8       data     extern C:\MCC18\src\traditional\proc\p18F67J60.asm
                   SSPADD   0x000fc8       data     extern C:\MCC18\src\traditional\proc\p18F67J60.asm
                  SSP1BUF   0x000fc9       data     extern C:\MCC18\src\traditional\proc\p18F67J60.asm
                   SSPBUF   0x000fc9       data     extern C:\MCC18\src\traditional\proc\p18F67J60.asm
                    T2CON   0x000fca       data     extern C:\MCC18\src\traditional\proc\p18F67J60.asm
                T2CONbits   0x000fca       data     extern C:\MCC18\src\traditional\proc\p18F67J60.asm
                      PR2   0x000fcb       data     extern C:\MCC18\src\traditional\proc\p18F67J60.asm
                     TMR2   0x000fcc       data     extern C:\MCC18\src\traditional\proc\p18F67J60.asm
                    T1CON   0x000fcd       data     extern C:\MCC18\src\traditional\proc\p18F67J60.asm
                T1CONbits   0x000fcd       data     extern C:\MCC18\src\traditional\proc\p18F67J60.asm
                    TMR1L   0x000fce       data     extern C:\MCC18\src\traditional\proc\p18F67J60.asm
                    TMR1H   0x000fcf       data     extern C:\MCC18\src\traditional\proc\p18F67J60.asm
                     RCON   0x000fd0       data     extern C:\MCC18\src\traditional\proc\p18F67J60.asm
                 RCONbits   0x000fd0       data     extern C:\MCC18\src\traditional\proc\p18F67J60.asm
                   WDTCON   0x000fd1       data     extern C:\MCC18\src\traditional\proc\p18F67J60.asm
               WDTCONbits   0x000fd1       data     extern C:\MCC18\src\traditional\proc\p18F67J60.asm
                ECON1bits   0x000fd2       data     extern C:\MCC18\src\traditional\proc\p18F67J60.asm
                    ECON1   0x000fd2       data     extern C:\MCC18\src\traditional\proc\p18F67J60.asm
               OSCCONbits   0x000fd3       data     extern C:\MCC18\src\traditional\proc\p18F67J60.asm
                   OSCCON   0x000fd3       data     extern C:\MCC18\src\traditional\proc\p18F67J60.asm
                    T0CON   0x000fd5       data     extern C:\MCC18\src\traditional\proc\p18F67J60.asm
                T0CONbits   0x000fd5       data     extern C:\MCC18\src\traditional\proc\p18F67J60.asm
                    TMR0L   0x000fd6       data     extern C:\MCC18\src\traditional\proc\p18F67J60.asm
                    TMR0H   0x000fd7       data     extern C:\MCC18\src\traditional\proc\p18F67J60.asm
                   STATUS   0x000fd8       data     extern C:\MCC18\src\traditional\proc\p18F67J60.asm
               STATUSbits   0x000fd8       data     extern C:\MCC18\src\traditional\proc\p18F67J60.asm
                    FSR2L   0x000fd9       data     extern C:\MCC18\src\traditional\proc\p18F67J60.asm
                     FSR2   0x000fd9       data     extern C:\MCC18\src\traditional\proc\p18F67J60.asm
                    FSR2H   0x000fda       data     extern C:\MCC18\src\traditional\proc\p18F67J60.asm
                   PLUSW2   0x000fdb       data     extern C:\MCC18\src\traditional\proc\p18F67J60.asm
                  PREINC2   0x000fdc       data     extern C:\MCC18\src\traditional\proc\p18F67J60.asm
                 POSTDEC2   0x000fdd       data     extern C:\MCC18\src\traditional\proc\p18F67J60.asm
                 POSTINC2   0x000fde       data     extern C:\MCC18\src\traditional\proc\p18F67J60.asm
                    INDF2   0x000fdf       data     extern C:\MCC18\src\traditional\proc\p18F67J60.asm
                      BSR   0x000fe0       data     extern C:\MCC18\src\traditional\proc\p18F67J60.asm
                    FSR1L   0x000fe1       data     extern C:\MCC18\src\traditional\proc\p18F67J60.asm
                     FSR1   0x000fe1       data     extern C:\MCC18\src\traditional\proc\p18F67J60.asm
                    FSR1H   0x000fe2       data     extern C:\MCC18\src\traditional\proc\p18F67J60.asm
                   PLUSW1   0x000fe3       data     extern C:\MCC18\src\traditional\proc\p18F67J60.asm
                  PREINC1   0x000fe4       data     extern C:\MCC18\src\traditional\proc\p18F67J60.asm
                 POSTDEC1   0x000fe5       data     extern C:\MCC18\src\traditional\proc\p18F67J60.asm
                 POSTINC1   0x000fe6       data     extern C:\MCC18\src\traditional\proc\p18F67J60.asm
                    INDF1   0x000fe7       data     extern C:\MCC18\src\traditional\proc\p18F67J60.asm
                     WREG   0x000fe8       data     extern C:\MCC18\src\traditional\proc\p18F67J60.asm
                     FSR0   0x000fe9       data     extern C:\MCC18\src\traditional\proc\p18F67J60.asm
                    FSR0L   0x000fe9       data     extern C:\MCC18\src\traditional\proc\p18F67J60.asm
                    FSR0H   0x000fea       data     extern C:\MCC18\src\traditional\proc\p18F67J60.asm
                   PLUSW0   0x000feb       data     extern C:\MCC18\src\traditional\proc\p18F67J60.asm
                  PREINC0   0x000fec       data     extern C:\MCC18\src\traditional\proc\p18F67J60.asm
                 POSTDEC0   0x000fed       data     extern C:\MCC18\src\traditional\proc\p18F67J60.asm
                 POSTINC0   0x000fee       data     extern C:\MCC18\src\traditional\proc\p18F67J60.asm
                    INDF0   0x000fef       data     extern C:\MCC18\src\traditional\proc\p18F67J60.asm
              INTCON3bits   0x000ff0       data     extern C:\MCC18\src\traditional\proc\p18F67J60.asm
                  INTCON3   0x000ff0       data     extern C:\MCC18\src\traditional\proc\p18F67J60.asm
              INTCON2bits   0x000ff1       data     extern C:\MCC18\src\traditional\proc\p18F67J60.asm
                  INTCON2   0x000ff1       data     extern C:\MCC18\src\traditional\proc\p18F67J60.asm
               INTCONbits   0x000ff2       data     extern C:\MCC18\src\traditional\proc\p18F67J60.asm
                   INTCON   0x000ff2       data     extern C:\MCC18\src\traditional\proc\p18F67J60.asm
                    PRODL   0x000ff3       data     extern C:\MCC18\src\traditional\proc\p18F67J60.asm
                     PROD   0x000ff3       data     extern C:\MCC18\src\traditional\proc\p18F67J60.asm
                    PRODH   0x000ff4       data     extern C:\MCC18\src\traditional\proc\p18F67J60.asm
                   TABLAT   0x000ff5       data     extern C:\MCC18\src\traditional\proc\p18F67J60.asm
                  TBLPTRL   0x000ff6       data     extern C:\MCC18\src\traditional\proc\p18F67J60.asm
                   TBLPTR   0x000ff6       data     extern C:\MCC18\src\traditional\proc\p18F67J60.asm
                  TBLPTRH   0x000ff7       data     extern C:\MCC18\src\traditional\proc\p18F67J60.asm
                  TBLPTRU   0x000ff8       data     extern C:\MCC18\src\traditional\proc\p18F67J60.asm
                      PCL   0x000ff9       data     extern C:\MCC18\src\traditional\proc\p18F67J60.asm
                       PC   0x000ff9       data     extern C:\MCC18\src\traditional\proc\p18F67J60.asm
                   PCLATH   0x000ffa       data     extern C:\MCC18\src\traditional\proc\p18F67J60.asm
                   PCLATU   0x000ffb       data     extern C:\MCC18\src\traditional\proc\p18F67J60.asm
               STKPTRbits   0x000ffc       data     extern C:\MCC18\src\traditional\proc\p18F67J60.asm
                   STKPTR   0x000ffc       data     extern C:\MCC18\src\traditional\proc\p18F67J60.asm
                      TOS   0x000ffd       data     extern C:\MCC18\src\traditional\proc\p18F67J60.asm
                     TOSL   0x000ffd       data     extern C:\MCC18\src\traditional\proc\p18F67J60.asm
                     TOSH   0x000ffe       data     extern C:\MCC18\src\traditional\proc\p18F67J60.asm
                     TOSU   0x000fff       data     extern C:\MCC18\src\traditional\proc\p18F67J60.asm


